Archive member included to satisfy reference by file (symbol)

d:/s32/s32ds/build_tools/gcc_v6.3/gcc-6.3-arm32-eabi/bin/../lib/gcc/arm-none-eabi/6.3.1/thumb/v7e-m/fpv4-sp/hard\libgcc.a(_aeabi_uldivmod.o)
                              ./SDK/rtos/osif/osif_freertos.o (__aeabi_uldivmod)
d:/s32/s32ds/build_tools/gcc_v6.3/gcc-6.3-arm32-eabi/bin/../lib/gcc/arm-none-eabi/6.3.1/thumb/v7e-m/fpv4-sp/hard\libgcc.a(_udivmoddi4.o)
                              d:/s32/s32ds/build_tools/gcc_v6.3/gcc-6.3-arm32-eabi/bin/../lib/gcc/arm-none-eabi/6.3.1/thumb/v7e-m/fpv4-sp/hard\libgcc.a(_aeabi_uldivmod.o) (__udivmoddi4)
d:/s32/s32ds/build_tools/gcc_v6.3/gcc-6.3-arm32-eabi/bin/../lib/gcc/arm-none-eabi/6.3.1/thumb/v7e-m/fpv4-sp/hard\libgcc.a(_dvmd_tls.o)
                              d:/s32/s32ds/build_tools/gcc_v6.3/gcc-6.3-arm32-eabi/bin/../lib/gcc/arm-none-eabi/6.3.1/thumb/v7e-m/fpv4-sp/hard\libgcc.a(_aeabi_uldivmod.o) (__aeabi_ldiv0)
D:/S32/S32DS/build_tools/gcc_b1620/gcc-6.3-arm32-eabi/arm-none-eabi/newlib/lib/thumb/v7e-m/fpv4-sp/hard\libc_nano.a(lib_a-exit.o)
                              D:/S32/S32DS/build_tools/gcc_b1620/gcc-6.3-arm32-eabi/arm-none-eabi/newlib/lib/thumb/v7e-m/fpv4-sp/hard/crt0.o (exit)
D:/S32/S32DS/build_tools/gcc_b1620/gcc-6.3-arm32-eabi/arm-none-eabi/newlib/lib/thumb/v7e-m/fpv4-sp/hard\libc_nano.a(lib_a-impure.o)
                              D:/S32/S32DS/build_tools/gcc_b1620/gcc-6.3-arm32-eabi/arm-none-eabi/newlib/lib/thumb/v7e-m/fpv4-sp/hard\libc_nano.a(lib_a-exit.o) (_global_impure_ptr)
D:/S32/S32DS/build_tools/gcc_b1620/gcc-6.3-arm32-eabi/arm-none-eabi/newlib/lib/thumb/v7e-m/fpv4-sp/hard\libc_nano.a(lib_a-init.o)
                              D:/S32/S32DS/build_tools/gcc_b1620/gcc-6.3-arm32-eabi/arm-none-eabi/newlib/lib/thumb/v7e-m/fpv4-sp/hard/crt0.o (__libc_init_array)
D:/S32/S32DS/build_tools/gcc_b1620/gcc-6.3-arm32-eabi/arm-none-eabi/newlib/lib/thumb/v7e-m/fpv4-sp/hard\libc_nano.a(lib_a-memcpy-stub.o)
                              ./SDK/rtos/FreeRTOS/Source/queue.o (memcpy)
D:/S32/S32DS/build_tools/gcc_b1620/gcc-6.3-arm32-eabi/arm-none-eabi/newlib/lib/thumb/v7e-m/fpv4-sp/hard\libc_nano.a(lib_a-memset.o)
                              D:/S32/S32DS/build_tools/gcc_b1620/gcc-6.3-arm32-eabi/arm-none-eabi/newlib/lib/thumb/v7e-m/fpv4-sp/hard/crt0.o (memset)
D:/S32/S32DS/build_tools/gcc_b1620/gcc-6.3-arm32-eabi/arm-none-eabi/newlib/lib/thumb/v7e-m/fpv4-sp/hard\libc_nano.a(lib_a-strlen.o)
                              ./SDK/rtos/FreeRTOS/Source/tasks.o (strlen)
D:/S32/S32DS/build_tools/gcc_b1620/gcc-6.3-arm32-eabi/arm-none-eabi/newlib/lib/thumb/v7e-m/fpv4-sp/hard\libnosys.a(_exit.o)
                              D:/S32/S32DS/build_tools/gcc_b1620/gcc-6.3-arm32-eabi/arm-none-eabi/newlib/lib/thumb/v7e-m/fpv4-sp/hard\libc_nano.a(lib_a-exit.o) (_exit)

Allocating common symbols
Common symbol       size              file

g_xtal0ClkFreq      0x4               ./SDK/platform/drivers/src/clock/S32K1xx/clock_S32K1xx.o
xQueueRegistry      0x40              ./SDK/rtos/FreeRTOS/Source/queue.o
g_RtcClkInFreq      0x4               ./SDK/platform/drivers/src/clock/S32K1xx/clock_S32K1xx.o
g_TClkFreq          0xc               ./SDK/platform/drivers/src/clock/S32K1xx/clock_S32K1xx.o
adc_pal_1_results0  0x2               ./board/peripherals_adc_pal_1.o

Discarded input sections

 .text          0x00000000        0x0 d:/s32/s32ds/build_tools/gcc_v6.3/gcc-6.3-arm32-eabi/bin/../lib/gcc/arm-none-eabi/6.3.1/thumb/v7e-m/fpv4-sp/hard/crti.o
 .data          0x00000000        0x0 d:/s32/s32ds/build_tools/gcc_v6.3/gcc-6.3-arm32-eabi/bin/../lib/gcc/arm-none-eabi/6.3.1/thumb/v7e-m/fpv4-sp/hard/crti.o
 .bss           0x00000000        0x0 d:/s32/s32ds/build_tools/gcc_v6.3/gcc-6.3-arm32-eabi/bin/../lib/gcc/arm-none-eabi/6.3.1/thumb/v7e-m/fpv4-sp/hard/crti.o
 .text          0x00000000       0xa4 d:/s32/s32ds/build_tools/gcc_v6.3/gcc-6.3-arm32-eabi/bin/../lib/gcc/arm-none-eabi/6.3.1/thumb/v7e-m/fpv4-sp/hard/crtbegin.o
 .data          0x00000000        0x4 d:/s32/s32ds/build_tools/gcc_v6.3/gcc-6.3-arm32-eabi/bin/../lib/gcc/arm-none-eabi/6.3.1/thumb/v7e-m/fpv4-sp/hard/crtbegin.o
 .bss           0x00000000       0x1c d:/s32/s32ds/build_tools/gcc_v6.3/gcc-6.3-arm32-eabi/bin/../lib/gcc/arm-none-eabi/6.3.1/thumb/v7e-m/fpv4-sp/hard/crtbegin.o
 .init_array    0x00000000        0x4 d:/s32/s32ds/build_tools/gcc_v6.3/gcc-6.3-arm32-eabi/bin/../lib/gcc/arm-none-eabi/6.3.1/thumb/v7e-m/fpv4-sp/hard/crtbegin.o
 .fini_array    0x00000000        0x4 d:/s32/s32ds/build_tools/gcc_v6.3/gcc-6.3-arm32-eabi/bin/../lib/gcc/arm-none-eabi/6.3.1/thumb/v7e-m/fpv4-sp/hard/crtbegin.o
 .eh_frame      0x00000000        0x0 d:/s32/s32ds/build_tools/gcc_v6.3/gcc-6.3-arm32-eabi/bin/../lib/gcc/arm-none-eabi/6.3.1/thumb/v7e-m/fpv4-sp/hard/crtbegin.o
 .jcr           0x00000000        0x0 d:/s32/s32ds/build_tools/gcc_v6.3/gcc-6.3-arm32-eabi/bin/../lib/gcc/arm-none-eabi/6.3.1/thumb/v7e-m/fpv4-sp/hard/crtbegin.o
 .tm_clone_table
[...]
Memory Configuration

Name             Origin             Length             Attributes
m_interrupts     0x00000000         0x00000400         xr
m_flash_config   0x00000400         0x00000010         xr
m_text           0x00000410         0x0007fbf0         xr
m_data           0x1fff8000         0x00008000         rw
m_data_2         0x20000000         0x00007000         rw
*default*        0x00000000         0xffffffff

Linker script and memory map

LOAD d:/s32/s32ds/build_tools/gcc_v6.3/gcc-6.3-arm32-eabi/bin/../lib/gcc/arm-none-eabi/6.3.1/thumb/v7e-m/fpv4-sp/hard/crti.o
LOAD d:/s32/s32ds/build_tools/gcc_v6.3/gcc-6.3-arm32-eabi/bin/../lib/gcc/arm-none-eabi/6.3.1/thumb/v7e-m/fpv4-sp/hard/crtbegin.o
LOAD D:/S32/S32DS/build_tools/gcc_b1620/gcc-6.3-arm32-eabi/arm-none-eabi/newlib/lib/thumb/v7e-m/fpv4-sp/hard/crt0.o
LOAD ./Project_Settings/Startup_Code/startup_S32K144.o
LOAD ./SDK/platform/devices/S32K144/startup/system_S32K144.o
LOAD ./SDK/platform/devices/startup.o
LOAD ./SDK/platform/drivers/src/adc/adc_driver.o
LOAD ./SDK/platform/drivers/src/clock/S32K1xx/clock_S32K1xx.o
LOAD ./SDK/platform/drivers/src/interrupt/interrupt_manager.o
LOAD ./SDK/platform/drivers/src/pdb/pdb_driver.o
LOAD ./SDK/platform/drivers/src/pdb/pdb_hw_access.o
LOAD ./SDK/platform/drivers/src/pins/pins_driver.o
LOAD ./SDK/platform/drivers/src/pins/pins_port_hw_access.o
LOAD ./SDK/platform/drivers/src/trgmux/trgmux_driver.o
LOAD ./SDK/platform/drivers/src/trgmux/trgmux_hw_access.o
LOAD ./SDK/platform/pal/src/adc/adc_irq.o
LOAD ./SDK/platform/pal/src/adc/adc_pal.o
LOAD ./SDK/rtos/FreeRTOS/Source/croutine.o
LOAD ./SDK/rtos/FreeRTOS/Source/event_groups.o
LOAD ./SDK/rtos/FreeRTOS/Source/list.o
LOAD ./SDK/rtos/FreeRTOS/Source/queue.o
LOAD ./SDK/rtos/FreeRTOS/Source/stream_buffer.o
LOAD ./SDK/rtos/FreeRTOS/Source/tasks.o
LOAD ./SDK/rtos/FreeRTOS/Source/timers.o
LOAD ./SDK/rtos/FreeRTOS/Source/portable/GCC/ARM_CM4F/port.o
LOAD ./SDK/rtos/FreeRTOS/Source/portable/MemMang/heap_1.o
LOAD ./SDK/rtos/osif/osif_freertos.o
LOAD ./board/clock_config.o
LOAD ./board/peripherals_FreeRTOS.o
LOAD ./board/peripherals_adc_pal_1.o
LOAD ./board/pin_mux.o
LOAD ./src/DCU/Application/DoorApp/DoorApp.o
LOAD ./src/DCU/Application/WindowApp/WindowApp.o
LOAD ./src/DCU/Communication/Signals/Signals.o
LOAD ./src/DCU/EcuAbstraction/Button/Button.o
LOAD ./src/DCU/EcuAbstraction/Door/Door.o
LOAD ./src/DCU/EcuAbstraction/HwConfig/HwConfig.o
LOAD ./src/DCU/EcuAbstraction/Window/Window.o
LOAD ./src/DCU/Microcontroller/Adc/Adc.o
LOAD ./src/DCU/Microcontroller/Dio/Dio.o
LOAD ./src/DCU/Microcontroller/Mcu/Mcu.o
LOAD ./src/DCU/Microcontroller/Mpu/Mpu.o
LOAD ./src/DCU/Microcontroller/Wdg/Wdg.o
LOAD ./src/DCU/Runtime/DcuTasks.o
LOAD ./src/main.o
LOAD ./src/rtos.o
START GROUP
LOAD d:/s32/s32ds/build_tools/gcc_v6.3/gcc-6.3-arm32-eabi/bin/../lib/gcc/arm-none-eabi/6.3.1/thumb/v7e-m/fpv4-sp/hard\libgcc.a
LOAD D:/S32/S32DS/build_tools/gcc_b1620/gcc-6.3-arm32-eabi/arm-none-eabi/newlib/lib/thumb/v7e-m/fpv4-sp/hard\libc_nano.a
END GROUP
START GROUP
LOAD d:/s32/s32ds/build_tools/gcc_v6.3/gcc-6.3-arm32-eabi/bin/../lib/gcc/arm-none-eabi/6.3.1/thumb/v7e-m/fpv4-sp/hard\libgcc.a
LOAD D:/S32/S32DS/build_tools/gcc_b1620/gcc-6.3-arm32-eabi/arm-none-eabi/newlib/lib/thumb/v7e-m/fpv4-sp/hard\libc_nano.a
LOAD D:/S32/S32DS/build_tools/gcc_b1620/gcc-6.3-arm32-eabi/arm-none-eabi/newlib/lib/thumb/v7e-m/fpv4-sp/hard\libnosys.a
END GROUP
START GROUP
LOAD d:/s32/s32ds/build_tools/gcc_v6.3/gcc-6.3-arm32-eabi/bin/../lib/gcc/arm-none-eabi/6.3.1/thumb/v7e-m/fpv4-sp/hard\libgcc.a
LOAD D:/S32/S32DS/build_tools/gcc_b1620/gcc-6.3-arm32-eabi/arm-none-eabi/newlib/lib/thumb/v7e-m/fpv4-sp/hard\libc_nano.a
LOAD D:/S32/S32DS/build_tools/gcc_b1620/gcc-6.3-arm32-eabi/arm-none-eabi/newlib/lib/thumb/v7e-m/fpv4-sp/hard\libnosys.a
END GROUP
LOAD d:/s32/s32ds/build_tools/gcc_v6.3/gcc-6.3-arm32-eabi/bin/../lib/gcc/arm-none-eabi/6.3.1/thumb/v7e-m/fpv4-sp/hard/crtend.o
LOAD d:/s32/s32ds/build_tools/gcc_v6.3/gcc-6.3-arm32-eabi/bin/../lib/gcc/arm-none-eabi/6.3.1/thumb/v7e-m/fpv4-sp/hard/crtn.o
                0x00000400                HEAP_SIZE = DEFINED (__heap_size__)?__heap_size__:0x400
                0x00000400                STACK_SIZE = DEFINED (__stack_size__)?__stack_size__:0x400
                0x00000400                M_VECTOR_RAM_SIZE = DEFINED (__flash_vector_table__)?0x0:0x400

.interrupts     0x00000000      0x400
                0x00000000                __VECTOR_TABLE = .
                0x00000000                __interrupts_start__ = .
                0x00000000                . = ALIGN (0x4)
 *(.isr_vector)
 .isr_vector    0x00000000      0x400 ./Project_Settings/Startup_Code/startup_S32K144.o
                0x00000000                __isr_vector
                0x00000400                __interrupts_end__ = .
                0x00000400                . = ALIGN (0x4)

.flash_config   0x00000400       0x10
                0x00000400                . = ALIGN (0x4)
 *(.FlashConfig)
 .FlashConfig   0x00000400       0x10 ./Project_Settings/Startup_Code/startup_S32K144.o
                0x00000410                . = ALIGN (0x4)

.text           0x00000410     0x4480
                0x00000410                . = ALIGN (0x4)
 *(.text)
 .text          0x00000410       0x6c ./Project_Settings/Startup_Code/startup_S32K144.o
                0x00000410                Reset_Handler
                0x00000478                DebugMon_Handler
                0x00000478                Reserved88_IRQHandler
                0x00000478                CAN0_ORed_IRQHandler
                0x00000478                HardFault_Handler
                0x00000478                Reserved86_IRQHandler
                0x00000478                Reserved103_IRQHandler
                0x00000478                FTM2_Ovf_Reload_IRQHandler
                0x00000478                Reserved50_IRQHandler
                0x00000478                FTFC_Fault_IRQHandler
                0x00000478                FTM0_Ch6_Ch7_IRQHandler
                0x00000478                Reserved114_IRQHandler
                0x00000478                NMI_Handler
                0x00000478                Reserved89_IRQHandler
                0x00000478                ERM_double_fault_IRQHandler
                0x00000478                DMA2_IRQHandler
                0x00000478                Reserved59_IRQHandler
                0x00000478                LPIT0_Ch0_IRQHandler
                0x00000478                Reserved99_IRQHandler
                0x00000478                FTM3_Ch6_Ch7_IRQHandler
                0x00000478                CAN2_ORed_0_15_MB_IRQHandler
                0x00000478                LPIT0_Ch3_IRQHandler
                0x00000478                Reserved92_IRQHandler
                0x00000478                FTM0_Ch4_Ch5_IRQHandler
                0x00000478                CAN1_Error_IRQHandler
                0x00000478                FTM3_Ch0_Ch1_IRQHandler
                0x00000478                SWI_IRQHandler
                0x00000478                FTM2_Ch4_Ch5_IRQHandler
                0x00000478                UsageFault_Handler
                0x00000478                FTM0_Ovf_Reload_IRQHandler
                0x00000478                DefaultISR
                0x00000478                DMA9_IRQHandler
                0x00000478                Reserved58_IRQHandler
                0x00000478                CAN1_ORed_0_15_MB_IRQHandler
                0x00000478                FTM1_Ch2_Ch3_IRQHandler
                0x00000478                DMA14_IRQHandler
                0x00000478                Reserved82_IRQHandler
                0x00000478                CAN0_ORed_16_31_MB_IRQHandler
                0x00000478                LPI2C0_Slave_IRQHandler
                0x00000478                Reserved71_IRQHandler
                0x00000478                PORTD_IRQHandler
                0x00000478                Reserved69_IRQHandler
                0x00000478                PORTB_IRQHandler
                0x00000478                Reserved70_IRQHandler
                0x00000478                FTM2_Ch2_Ch3_IRQHandler
                0x00000478                Reserved53_IRQHandler
                0x00000478                DMA5_IRQHandler
                0x00000478                RTC_IRQHandler
                0x00000478                PDB0_IRQHandler
                0x00000478                Reserved54_IRQHandler
                0x00000478                FTM2_Ch6_Ch7_IRQHandler
                0x00000478                FTM3_Ch2_Ch3_IRQHandler
                0x00000478                FTM2_Ch0_Ch1_IRQHandler
                0x00000478                LPSPI1_IRQHandler
                0x00000478                LPUART1_RxTx_IRQHandler
                0x00000478                RTC_Seconds_IRQHandler
                0x00000478                CAN2_ORed_IRQHandler
                0x00000478                Reserved72_IRQHandler
                0x00000478                Reserved110_IRQHandler
                0x00000478                DMA11_IRQHandler
                0x00000478                Reserved107_IRQHandler
                0x00000478                Read_Collision_IRQHandler
                0x00000478                CAN2_Error_IRQHandler
                0x00000478                FTFC_IRQHandler
                0x00000478                DMA7_IRQHandler
                0x00000478                FTM1_Ch6_Ch7_IRQHandler
                0x00000478                Reserved105_IRQHandler
                0x00000478                LPIT0_Ch1_IRQHandler
                0x00000478                FTM1_Ch4_Ch5_IRQHandler
                0x00000478                FTM3_Ovf_Reload_IRQHandler
                0x00000478                LPUART2_RxTx_IRQHandler
                0x00000478                LPSPI0_IRQHandler
                0x00000478                WDOG_EWM_IRQHandler
                0x00000478                Reserved90_IRQHandler
                0x00000478                Reserved83_IRQHandler
                0x00000478                FTM0_Fault_IRQHandler
                0x00000478                Reserved48_IRQHandler
                0x00000478                ERM_single_fault_IRQHandler
                0x00000478                FTM2_Fault_IRQHandler
                0x00000478                FTM0_Ch2_Ch3_IRQHandler
                0x00000478                DMA13_IRQHandler
                0x00000478                FTM0_Ch0_Ch1_IRQHandler
                0x00000478                FTM3_Fault_IRQHandler
                0x00000478                RCM_IRQHandler
                0x00000478                DMA3_IRQHandler
                0x00000478                Reserved100_IRQHandler
                0x00000478                DMA0_IRQHandler
                0x00000478                Reserved91_IRQHandler
                0x00000478                CAN1_ORed_IRQHandler
                0x00000478                DMA15_IRQHandler
                0x00000478                SCG_IRQHandler
                0x00000478                PDB1_IRQHandler
                0x00000478                Reserved81_IRQHandler
                0x00000478                Reserved46_IRQHandler
                0x00000478                Reserved45_IRQHandler
                0x00000478                CAN0_Error_IRQHandler
                0x00000478                Reserved112_IRQHandler
                0x00000478                LPI2C0_Master_IRQHandler
                0x00000478                DMA4_IRQHandler
                0x00000478                FTM1_Fault_IRQHandler
                0x00000478                Reserved106_IRQHandler
                0x00000478                DMA_Error_IRQHandler
                0x00000478                LVD_LVW_IRQHandler
                0x00000478                LPIT0_Ch2_IRQHandler
                0x00000478                PORTA_IRQHandler
                0x00000478                MCM_IRQHandler
                0x00000478                LPSPI2_IRQHandler
                0x00000478                DMA12_IRQHandler
                0x00000478                FTM3_Ch4_Ch5_IRQHandler
                0x00000478                CAN0_ORed_0_15_MB_IRQHandler
                0x00000478                PORTE_IRQHandler
                0x00000478                LPUART0_RxTx_IRQHandler
                0x00000478                LPTMR0_IRQHandler
                0x00000478                Reserved87_IRQHandler
                0x00000478                FTM1_Ovf_Reload_IRQHandler
                0x00000478                DMA8_IRQHandler
                0x00000478                Reserved93_IRQHandler
                0x00000478                DMA10_IRQHandler
                0x00000478                CAN0_Wake_Up_IRQHandler
                0x00000478                CMP0_IRQHandler
                0x00000478                Reserved52_IRQHandler
                0x00000478                PORTC_IRQHandler
                0x00000478                DMA6_IRQHandler
                0x00000478                FTM1_Ch0_Ch1_IRQHandler
                0x00000478                FLEXIO_IRQHandler
                0x00000478                DMA1_IRQHandler
                0x00000478                Reserved113_IRQHandler
 *(.text*)
 .text.SystemInit
                0x0000047c       0x3c ./SDK/platform/devices/S32K144/startup/system_S32K144.o
                0x0000047c                SystemInit
 .text.init_data_bss
                0x000004b8       0xd8 ./SDK/platform/devices/startup.o
                0x000004b8                init_data_bss
 .text.ADC_GetPretriggerSelect
                0x00000590       0x4c ./SDK/platform/drivers/src/adc/adc_driver.o
 .text.ADC_DRV_InitConverterStruct
                0x000005dc       0x22 ./SDK/platform/drivers/src/adc/adc_driver.o
                0x000005dc                ADC_DRV_InitConverterStruct
 *fill*         0x000005fe        0x2 
 .text.ADC_DRV_ConfigConverter
                0x00000600      0x1a8 ./SDK/platform/drivers/src/adc/adc_driver.o
                0x00000600                ADC_DRV_ConfigConverter
 .text.ADC_DRV_ConfigChan
                0x000007a8       0x98 ./SDK/platform/drivers/src/adc/adc_driver.o
                0x000007a8                ADC_DRV_ConfigChan
 .text.ADC_DRV_SetSwPretrigger
                0x00000840       0x70 ./SDK/platform/drivers/src/adc/adc_driver.o
                0x00000840                ADC_DRV_SetSwPretrigger
 .text.ADC_DRV_Reset
                0x000008b0       0xb8 ./SDK/platform/drivers/src/adc/adc_driver.o
                0x000008b0                ADC_DRV_Reset
 .text.ADC_DRV_GetChanResult
                0x00000968       0x30 ./SDK/platform/drivers/src/adc/adc_driver.o
                0x00000968                ADC_DRV_GetChanResult
 .text.ADC_DRV_AutoCalibration
                0x00000998      0x174 ./SDK/platform/drivers/src/adc/adc_driver.o
                0x00000998                ADC_DRV_AutoCalibration
 .text.ADC_DRV_GetInterruptNumber
                0x00000b0c       0x14 ./SDK/platform/drivers/src/adc/adc_driver.o
                0x00000b0c                ADC_DRV_GetInterruptNumber
 .text.CLOCK_SYS_GetCurrentRunMode
                0x00000b20       0x24 ./SDK/platform/drivers/src/clock/S32K1xx/clock_S32K1xx.o
 .text.CLOCK_SYS_GetSysOscFreq
                0x00000b44       0x1c ./SDK/platform/drivers/src/clock/S32K1xx/clock_S32K1xx.o
 .text.CLOCK_SYS_ConfigureSOSC
                0x00000b60      0x12c ./SDK/platform/drivers/src/clock/S32K1xx/clock_S32K1xx.o
 .text.CLOCK_SYS_GetSircFreq
                0x00000c8c       0x2c ./SDK/platform/drivers/src/clock/S32K1xx/clock_S32K1xx.o
 .text.CLOCK_SYS_ConfigureSIRC
                0x00000cb8       0xc4 ./SDK/platform/drivers/src/clock/S32K1xx/clock_S32K1xx.o
 .text.CLOCK_SYS_GetFircFreq
                0x00000d7c       0x20 ./SDK/platform/drivers/src/clock/S32K1xx/clock_S32K1xx.o
 .text.CLOCK_SYS_ConfigureFIRC
                0x00000d9c       0xb4 ./SDK/platform/drivers/src/clock/S32K1xx/clock_S32K1xx.o
 .text.CLOCK_SYS_GetSysPllFreq
                0x00000e50       0x44 ./SDK/platform/drivers/src/clock/S32K1xx/clock_S32K1xx.o
 .text.CLOCK_SYS_ConfigureSPLL
                0x00000e94      0x12c ./SDK/platform/drivers/src/clock/S32K1xx/clock_S32K1xx.o
 .text.CLOCK_SYS_SetSystemClockConfig
                0x00000fc0      0x204 ./SDK/platform/drivers/src/clock/S32K1xx/clock_S32K1xx.o
 .text.CLOCK_SYS_TransitionSystemClock
                0x000011c4       0x54 ./SDK/platform/drivers/src/clock/S32K1xx/clock_S32K1xx.o
 .text.CLOCK_SYS_GetSystemClockFreq
                0x00001218       0x80 ./SDK/platform/drivers/src/clock/S32K1xx/clock_S32K1xx.o
 .text.CLOCK_SYS_GetScgClkOutFreq
                0x00001298       0x44 ./SDK/platform/drivers/src/clock/S32K1xx/clock_S32K1xx.o
 .text.CLOCK_SYS_GetSysAsyncFreq
                0x000012dc       0xc0 ./SDK/platform/drivers/src/clock/S32K1xx/clock_S32K1xx.o
 .text.CLOCK_SYS_GetSimRtcClkFreq
                0x0000139c       0x50 ./SDK/platform/drivers/src/clock/S32K1xx/clock_S32K1xx.o
 .text.CLOCK_SYS_GetLpoFreq
                0x000013ec       0x54 ./SDK/platform/drivers/src/clock/S32K1xx/clock_S32K1xx.o
 .text.CLOCK_SYS_GetSimClkOutFreq
                0x00001440       0x98 ./SDK/platform/drivers/src/clock/S32K1xx/clock_S32K1xx.o
 .text.CLOCK_SYS_GetSimClockFreq
                0x000014d8      0x1a4 ./SDK/platform/drivers/src/clock/S32K1xx/clock_S32K1xx.o
 .text.CLOCK_SYS_GetPeripheralClock
                0x0000167c       0xc8 ./SDK/platform/drivers/src/clock/S32K1xx/clock_S32K1xx.o
 .text.CLOCK_DRV_Init
                0x00001744      0x610 ./SDK/platform/drivers/src/clock/S32K1xx/clock_S32K1xx.o
                0x00001744                CLOCK_DRV_Init
 .text.CLOCK_DRV_GetFreq
                0x00001d54      0x1dc ./SDK/platform/drivers/src/clock/S32K1xx/clock_S32K1xx.o
                0x00001d54                CLOCK_DRV_GetFreq
 .text.CLOCK_SYS_Init
                0x00001f30       0x28 ./SDK/platform/drivers/src/clock/S32K1xx/clock_S32K1xx.o
                0x00001f30                CLOCK_SYS_Init
 .text.CLOCK_SYS_UpdateConfiguration
                0x00001f58       0xf4 ./SDK/platform/drivers/src/clock/S32K1xx/clock_S32K1xx.o
                0x00001f58                CLOCK_SYS_UpdateConfiguration
 .text.CLOCK_SYS_GetFreq
                0x0000204c        0x8 ./SDK/platform/drivers/src/clock/S32K1xx/clock_S32K1xx.o
                0x0000204c                CLOCK_SYS_GetFreq
 .text.INT_SYS_EnableIRQ
                0x00002054       0x28 ./SDK/platform/drivers/src/interrupt/interrupt_manager.o
                0x00002054                INT_SYS_EnableIRQ
 .text.INT_SYS_DisableIRQ
                0x0000207c       0x2c ./SDK/platform/drivers/src/interrupt/interrupt_manager.o
                0x0000207c                INT_SYS_DisableIRQ
 .text.INT_SYS_EnableIRQGlobal
                0x000020a8       0x1c ./SDK/platform/drivers/src/interrupt/interrupt_manager.o
                0x000020a8                INT_SYS_EnableIRQGlobal
 .text.INT_SYS_DisableIRQGlobal
                0x000020c4       0x10 ./SDK/platform/drivers/src/interrupt/interrupt_manager.o
                0x000020c4                INT_SYS_DisableIRQGlobal
 .text.PDB_DRV_Init
                0x000020d4       0x80 ./SDK/platform/drivers/src/pdb/pdb_driver.o
                0x000020d4                PDB_DRV_Init
 .text.PDB_DRV_Enable
                0x00002154       0x24 ./SDK/platform/drivers/src/pdb/pdb_driver.o
                0x00002154                PDB_DRV_Enable
 .text.PDB_DRV_SoftTriggerCmd
                0x00002178       0x24 ./SDK/platform/drivers/src/pdb/pdb_driver.o
                0x00002178                PDB_DRV_SoftTriggerCmd
 .text.PDB_DRV_LoadValuesCmd
                0x0000219c       0x24 ./SDK/platform/drivers/src/pdb/pdb_driver.o
                0x0000219c                PDB_DRV_LoadValuesCmd
 .text.PDB_DRV_ConfigAdcPreTrigger
                0x000021c0       0x58 ./SDK/platform/drivers/src/pdb/pdb_driver.o
                0x000021c0                PDB_DRV_ConfigAdcPreTrigger
 .text.PDB_DRV_SetAdcPreTriggerDelayValue
                0x00002218       0x5c ./SDK/platform/drivers/src/pdb/pdb_driver.o
                0x00002218                PDB_DRV_SetAdcPreTriggerDelayValue
 .text.PDB_Init
                0x00002274       0xa8 ./SDK/platform/drivers/src/pdb/pdb_hw_access.o
                0x00002274                PDB_Init
 .text.PDB_ConfigTimer
                0x0000231c       0x6c ./SDK/platform/drivers/src/pdb/pdb_hw_access.o
                0x0000231c                PDB_ConfigTimer
 .text.PDB_SetAdcPreTriggerBackToBackEnable
                0x00002388       0x42 ./SDK/platform/drivers/src/pdb/pdb_hw_access.o
                0x00002388                PDB_SetAdcPreTriggerBackToBackEnable
 .text.PDB_SetAdcPreTriggerOutputEnable
                0x000023ca       0x3e ./SDK/platform/drivers/src/pdb/pdb_hw_access.o
                0x000023ca                PDB_SetAdcPreTriggerOutputEnable
 .text.PDB_SetAdcPreTriggerEnable
                0x00002408       0x3a ./SDK/platform/drivers/src/pdb/pdb_hw_access.o
                0x00002408                PDB_SetAdcPreTriggerEnable
 .text.PINS_DRV_Init
                0x00002442       0x20 ./SDK/platform/drivers/src/pins/pins_driver.o
                0x00002442                PINS_DRV_Init
 .text.PINS_DRV_WritePin
                0x00002462       0x18 ./SDK/platform/drivers/src/pins/pins_driver.o
                0x00002462                PINS_DRV_WritePin
 .text.PINS_DRV_TogglePins
                0x0000247a        0x4 ./SDK/platform/drivers/src/pins/pins_driver.o
                0x0000247a                PINS_DRV_TogglePins
 *fill*         0x0000247e        0x2 
 .text.PINS_GetAdcInterleaveVal
                0x00002480       0x70 ./SDK/platform/drivers/src/pins/pins_port_hw_access.o
 .text.PINS_Init
                0x000024f0      0x138 ./SDK/platform/drivers/src/pins/pins_port_hw_access.o
                0x000024f0                PINS_Init
 .text.TRGMUX_DRV_SetTrigSourceForTargetModule
                0x00002628       0x2c ./SDK/platform/drivers/src/trgmux/trgmux_driver.o
                0x00002628                TRGMUX_DRV_SetTrigSourceForTargetModule
 .text.TRGMUX_SetTrigSourceForTargetModule
                0x00002654       0x2e ./SDK/platform/drivers/src/trgmux/trgmux_hw_access.o
                0x00002654                TRGMUX_SetTrigSourceForTargetModule
 .text.TRGMUX_GetLockForTargetModule
                0x00002682       0x10 ./SDK/platform/drivers/src/trgmux/trgmux_hw_access.o
                0x00002682                TRGMUX_GetLockForTargetModule
 .text.ADC0_IRQHandler
                0x00002692        0xa ./SDK/platform/pal/src/adc/adc_irq.o
                0x00002692                ADC0_IRQHandler
 .text.ADC1_IRQHandler
                0x0000269c        0xa ./SDK/platform/pal/src/adc/adc_irq.o
                0x0000269c                ADC1_IRQHandler
 *fill*         0x000026a6        0x2 
 .text.ADC_PalStateUpdateStart
                0x000026a8       0x5c ./SDK/platform/pal/src/adc/adc_pal.o
 .text.ADC_ConfigGroup
                0x00002704      0x1a4 ./SDK/platform/pal/src/adc/adc_pal.o
 .text.ADC_Init
                0x000028a8      0x138 ./SDK/platform/pal/src/adc/adc_pal.o
                0x000028a8                ADC_Init
 .text.ADC_StartGroupConversion
                0x000029e0       0xa4 ./SDK/platform/pal/src/adc/adc_pal.o
                0x000029e0                ADC_StartGroupConversion
 .text.ADC_S32K1xx_IrqHandler
                0x00002a84       0xd0 ./SDK/platform/pal/src/adc/adc_pal.o
                0x00002a84                ADC_S32K1xx_IrqHandler
 .text.vListInitialise
                0x00002b54       0x16 ./SDK/rtos/FreeRTOS/Source/list.o
                0x00002b54                vListInitialise
 .text.vListInitialiseItem
                0x00002b6a        0x6 ./SDK/rtos/FreeRTOS/Source/list.o
                0x00002b6a                vListInitialiseItem
 .text.vListInsertEnd
                0x00002b70       0x18 ./SDK/rtos/FreeRTOS/Source/list.o
                0x00002b70                vListInsertEnd
 .text.vListInsert
                0x00002b88       0x34 ./SDK/rtos/FreeRTOS/Source/list.o
                0x00002b88                vListInsert
 .text.uxListRemove
                0x00002bbc       0x26 ./SDK/rtos/FreeRTOS/Source/list.o
                0x00002bbc                uxListRemove
 .text.prvIsQueueEmpty
                0x00002be2       0x16 ./SDK/rtos/FreeRTOS/Source/queue.o
 .text.prvCopyDataToQueue
                0x00002bf8       0x76 ./SDK/rtos/FreeRTOS/Source/queue.o
 .text.prvCopyDataFromQueue
                0x00002c6e       0x24 ./SDK/rtos/FreeRTOS/Source/queue.o
 .text.prvUnlockQueue
                0x00002c92       0x82 ./SDK/rtos/FreeRTOS/Source/queue.o
 .text.xQueueGenericReset
                0x00002d14       0x80 ./SDK/rtos/FreeRTOS/Source/queue.o
                0x00002d14                xQueueGenericReset
 .text.xQueueGenericCreate
                0x00002d94       0x44 ./SDK/rtos/FreeRTOS/Source/queue.o
                0x00002d94                xQueueGenericCreate
 .text.xQueueGenericSend
                0x00002dd8      0x188 ./SDK/rtos/FreeRTOS/Source/queue.o
                0x00002dd8                xQueueGenericSend
 .text.xQueueGenericSendFromISR
                0x00002f60       0xd6 ./SDK/rtos/FreeRTOS/Source/queue.o
                0x00002f60                xQueueGenericSendFromISR
 *fill*         0x00003036        0x2 
 .text.xQueueReceive
                0x00003038      0x158 ./SDK/rtos/FreeRTOS/Source/queue.o
                0x00003038                xQueueReceive
 .text.vQueueAddToRegistry
                0x00003190       0x34 ./SDK/rtos/FreeRTOS/Source/queue.o
                0x00003190                vQueueAddToRegistry
 .text.vQueueWaitForMessageRestricted
                0x000031c4       0x4e ./SDK/rtos/FreeRTOS/Source/queue.o
                0x000031c4                vQueueWaitForMessageRestricted
 *fill*         0x00003212        0x2 
 .text.prvResetNextTaskUnblockTime
                0x00003214       0x2c ./SDK/rtos/FreeRTOS/Source/tasks.o
 .text.prvAddCurrentTaskToDelayedList
                0x00003240       0xa0 ./SDK/rtos/FreeRTOS/Source/tasks.o
 .text.prvIdleTask
                0x000032e0       0x74 ./SDK/rtos/FreeRTOS/Source/tasks.o
 .text.xTaskCreate
                0x00003354      0x1f4 ./SDK/rtos/FreeRTOS/Source/tasks.o
                0x00003354                xTaskCreate
 .text.vTaskStartScheduler
                0x00003548       0x84 ./SDK/rtos/FreeRTOS/Source/tasks.o
                0x00003548                vTaskStartScheduler
 .text.vTaskSuspendAll
                0x000035cc       0x10 ./SDK/rtos/FreeRTOS/Source/tasks.o
                0x000035cc                vTaskSuspendAll
 .text.xTaskGetTickCount
                0x000035dc        0xc ./SDK/rtos/FreeRTOS/Source/tasks.o
                0x000035dc                xTaskGetTickCount
 .text.xTaskIncrementTick
                0x000035e8      0x138 ./SDK/rtos/FreeRTOS/Source/tasks.o
                0x000035e8                xTaskIncrementTick
 .text.xTaskResumeAll
                0x00003720      0x100 ./SDK/rtos/FreeRTOS/Source/tasks.o
                0x00003720                xTaskResumeAll
 .text.vTaskDelayUntil
                0x00003820       0xa0 ./SDK/rtos/FreeRTOS/Source/tasks.o
                0x00003820                vTaskDelayUntil
 .text.vTaskSwitchContext
                0x000038c0       0xc4 ./SDK/rtos/FreeRTOS/Source/tasks.o
                0x000038c0                vTaskSwitchContext
 .text.vTaskPlaceOnEventList
                0x00003984       0x30 ./SDK/rtos/FreeRTOS/Source/tasks.o
                0x00003984                vTaskPlaceOnEventList
 .text.vTaskPlaceOnEventListRestricted
                0x000039b4       0x3c ./SDK/rtos/FreeRTOS/Source/tasks.o
                0x000039b4                vTaskPlaceOnEventListRestricted
 .text.xTaskRemoveFromEventList
                0x000039f0       0x88 ./SDK/rtos/FreeRTOS/Source/tasks.o
                0x000039f0                xTaskRemoveFromEventList
 .text.vTaskInternalSetTimeOutState
                0x00003a78       0x18 ./SDK/rtos/FreeRTOS/Source/tasks.o
                0x00003a78                vTaskInternalSetTimeOutState
 .text.xTaskCheckForTimeOut
                0x00003a90       0x9c ./SDK/rtos/FreeRTOS/Source/tasks.o
                0x00003a90                xTaskCheckForTimeOut
 .text.vTaskMissedYield
                0x00003b2c        0xc ./SDK/rtos/FreeRTOS/Source/tasks.o
                0x00003b2c                vTaskMissedYield
 .text.xTaskGetSchedulerState
                0x00003b38       0x20 ./SDK/rtos/FreeRTOS/Source/tasks.o
                0x00003b38                xTaskGetSchedulerState
 .text.xTaskPriorityDisinherit
                0x00003b58       0xb0 ./SDK/rtos/FreeRTOS/Source/tasks.o
                0x00003b58                xTaskPriorityDisinherit
 .text.prvInsertTimerInActiveList
                0x00003c08       0x48 ./SDK/rtos/FreeRTOS/Source/timers.o
 .text.prvCheckForValidListAndQueue
                0x00003c50       0x5c ./SDK/rtos/FreeRTOS/Source/timers.o
 .text.xTimerCreateTimerTask
                0x00003cac       0x4c ./SDK/rtos/FreeRTOS/Source/timers.o
                0x00003cac                xTimerCreateTimerTask
 .text.xTimerGenericCommand
                0x00003cf8       0x60 ./SDK/rtos/FreeRTOS/Source/timers.o
                0x00003cf8                xTimerGenericCommand
 .text.prvSampleTimeNow
                0x00003d58       0xac ./SDK/rtos/FreeRTOS/Source/timers.o
 .text.prvTimerTask
                0x00003e04      0x1e8 ./SDK/rtos/FreeRTOS/Source/timers.o
 .text.prvTaskExitError
                0x00003fec       0x40 ./SDK/rtos/FreeRTOS/Source/portable/GCC/ARM_CM4F/port.o
 .text.prvPortStartFirstTask
                0x0000402c       0x28 ./SDK/rtos/FreeRTOS/Source/portable/GCC/ARM_CM4F/port.o
 .text.vPortEnableVFP
                0x00004054       0x14 ./SDK/rtos/FreeRTOS/Source/portable/GCC/ARM_CM4F/port.o
 .text.pxPortInitialiseStack
                0x00004068       0x2c ./SDK/rtos/FreeRTOS/Source/portable/GCC/ARM_CM4F/port.o
                0x00004068                pxPortInitialiseStack
 *fill*         0x00004094        0xc 
 .text.SVC_Handler
                0x000040a0       0x24 ./SDK/rtos/FreeRTOS/Source/portable/GCC/ARM_CM4F/port.o
                0x000040a0                SVC_Handler
 .text.vPortEnterCritical
                0x000040c4       0x44 ./SDK/rtos/FreeRTOS/Source/portable/GCC/ARM_CM4F/port.o
                0x000040c4                vPortEnterCritical
 .text.vPortExitCritical
                0x00004108       0x2c ./SDK/rtos/FreeRTOS/Source/portable/GCC/ARM_CM4F/port.o
                0x00004108                vPortExitCritical
 *fill*         0x00004134        0xc 
 .text.PendSV_Handler
                0x00004140       0x64 ./SDK/rtos/FreeRTOS/Source/portable/GCC/ARM_CM4F/port.o
                0x00004140                PendSV_Handler
 .text.SysTick_Handler
                0x000041a4       0x2c ./SDK/rtos/FreeRTOS/Source/portable/GCC/ARM_CM4F/port.o
                0x000041a4                SysTick_Handler
 .text.vPortSetupTimerInterrupt
                0x000041d0       0x24 ./SDK/rtos/FreeRTOS/Source/portable/GCC/ARM_CM4F/port.o
                0x000041d0                vPortSetupTimerInterrupt
 .text.xPortStartScheduler
                0x000041f4      0x118 ./SDK/rtos/FreeRTOS/Source/portable/GCC/ARM_CM4F/port.o
                0x000041f4                xPortStartScheduler
 .text.vPortValidateInterruptPriority
                0x0000430c       0x5c ./SDK/rtos/FreeRTOS/Source/portable/GCC/ARM_CM4F/port.o
                0x0000430c                vPortValidateInterruptPriority
 .text.pvPortMalloc
                0x00004368       0x64 ./SDK/rtos/FreeRTOS/Source/portable/MemMang/heap_1.o
                0x00004368                pvPortMalloc
 .text.vPortFree
                0x000043cc       0x16 ./SDK/rtos/FreeRTOS/Source/portable/MemMang/heap_1.o
                0x000043cc                vPortFree
 *fill*         0x000043e2        0x2 
 .text.xPortGetFreeHeapSize
                0x000043e4       0x10 ./SDK/rtos/FreeRTOS/Source/portable/MemMang/heap_1.o
                0x000043e4                xPortGetFreeHeapSize
 .text.Adc_Init
                0x000043f4       0x2c ./src/DCU/Microcontroller/Adc/Adc.o
                0x000043f4                Adc_Init
 .text.Adc_Run  0x00004420       0x14 ./src/DCU/Microcontroller/Adc/Adc.o
                0x00004420                Adc_Run
 .text.Dio_Init
                0x00004434       0x34 ./src/DCU/Microcontroller/Dio/Dio.o
                0x00004434                Dio_Init
 .text.Mcu_Init
                0x00004468       0x20 ./src/DCU/Microcontroller/Mcu/Mcu.o
                0x00004468                Mcu_Init
 .text.Mpu_StoreError
                0x00004488        0x2 ./src/DCU/Microcontroller/Mpu/Mpu.o
 .text.MemManage_Handler
                0x0000448a        0x2 ./src/DCU/Microcontroller/Mpu/Mpu.o
                0x0000448a                MemManage_Handler
 .text.BusFault_Handler
                0x0000448c       0x14 ./src/DCU/Microcontroller/Mpu/Mpu.o
                0x0000448c                BusFault_Handler
 .text.Mpu_Init
                0x000044a0        0x2 ./src/DCU/Microcontroller/Mpu/Mpu.o
                0x000044a0                Mpu_Init
 .text.Wdg_Init
                0x000044a2        0x2 ./src/DCU/Microcontroller/Wdg/Wdg.o
                0x000044a2                Wdg_Init
 .text.app_task_200ms
                0x000044a4       0x2c ./src/DCU/Runtime/DcuTasks.o
                0x000044a4                app_task_200ms
 .text.app_task_10ms
                0x000044d0       0x1a ./src/DCU/Runtime/DcuTasks.o
                0x000044d0                app_task_10ms
 *fill*         0x000044ea        0x2 
 .text.app_task_100ms
                0x000044ec       0x3c ./src/DCU/Runtime/DcuTasks.o
                0x000044ec                app_task_100ms
 .text.Tasks_StartOS
                0x00004528       0x60 ./src/DCU/Runtime/DcuTasks.o
                0x00004528                Tasks_StartOS
 .text.init_hook
                0x00004588       0x18 ./src/DCU/Runtime/DcuTasks.o
                0x00004588                init_hook
 .text.main     0x000045a0        0xa ./src/main.o
                0x000045a0                main
 .text.vApplicationMallocFailedHook
                0x000045aa       0x12 ./src/rtos.o
                0x000045aa                vApplicationMallocFailedHook
 .text.vApplicationStackOverflowHook
                0x000045bc       0x12 ./src/rtos.o
                0x000045bc                vApplicationStackOverflowHook
 .text.vApplicationIdleHook
                0x000045ce       0x12 ./src/rtos.o
                0x000045ce                vApplicationIdleHook
 .text.vApplicationTickHook
                0x000045e0        0x2 ./src/rtos.o
                0x000045e0                vApplicationTickHook
 .text.memcpy   0x000045e2       0x1c D:/S32/S32DS/build_tools/gcc_b1620/gcc-6.3-arm32-eabi/arm-none-eabi/newlib/lib/thumb/v7e-m/fpv4-sp/hard\libc_nano.a(lib_a-memcpy-stub.o)
                0x000045e2                memcpy
 .text.memset   0x000045fe       0x10 D:/S32/S32DS/build_tools/gcc_b1620/gcc-6.3-arm32-eabi/arm-none-eabi/newlib/lib/thumb/v7e-m/fpv4-sp/hard\libc_nano.a(lib_a-memset.o)
                0x000045fe                memset
 *(.rodata)
 *(.rodata*)
 *fill*         0x0000460e        0x2 
 .rodata.adcIrqId.7382
                0x00004610        0x2 ./SDK/platform/drivers/src/adc/adc_driver.o
 *fill*         0x00004612        0x2 
 .rodata.s_adcBase
                0x00004614        0x8 ./SDK/platform/drivers/src/adc/adc_driver.o
 .rodata.clockNameMappings
                0x0000461c       0x9e ./SDK/platform/drivers/src/clock/S32K1xx/clock_S32K1xx.o
                0x0000461c                clockNameMappings
 *fill*         0x000046ba        0x2 
 .rodata.maxSysClksInHSRUN.7662
                0x000046bc       0x54 ./SDK/platform/drivers/src/clock/S32K1xx/clock_S32K1xx.o
 .rodata.maxSysClksInRUN.7661
                0x00004710       0x54 ./SDK/platform/drivers/src/clock/S32K1xx/clock_S32K1xx.o
 .rodata.maxSysClksInVLPR.7660
                0x00004764       0x54 ./SDK/platform/drivers/src/clock/S32K1xx/clock_S32K1xx.o
 .rodata.peripheralFeaturesList
                0x000047b8       0x4f ./SDK/platform/drivers/src/clock/S32K1xx/clock_S32K1xx.o
                0x000047b8                peripheralFeaturesList
 *fill*         0x00004807        0x1 
 .rodata.s_pdbBase
                0x00004808        0x8 ./SDK/platform/drivers/src/pdb/pdb_driver.o
 .rodata.s_pdbClkNames.7047
                0x00004810        0x2 ./SDK/platform/drivers/src/pdb/pdb_driver.o
 *fill*         0x00004812        0x2 
 .rodata.s_pdbIrqId
                0x00004814        0x2 ./SDK/platform/drivers/src/pdb/pdb_driver.o
 *fill*         0x00004816        0x2 
 .rodata.adcPalTrgmuxTarget
                0x00004818        0x2 ./SDK/platform/pal/src/adc/adc_pal.o
 *fill*         0x0000481a        0x2 
 .rodata.vTaskStartScheduler.str1.4
                0x0000481c        0x5 ./SDK/rtos/FreeRTOS/Source/tasks.o
 *fill*         0x00004821        0x3 
 .rodata.prvCheckForValidListAndQueue.str1.4
                0x00004824        0x5 ./SDK/rtos/FreeRTOS/Source/timers.o
 *fill*         0x00004829        0x3 
 .rodata.xTimerCreateTimerTask.str1.4
                0x0000482c        0x8 ./SDK/rtos/FreeRTOS/Source/timers.o
 .rodata.adc_pal_1_config
                0x00004834        0xc ./board/peripherals_adc_pal_1.o
                0x00004834                adc_pal_1_config
 .rodata.adc_pal_1_groupArray
                0x00004840       0x20 ./board/peripherals_adc_pal_1.o
                0x00004840                adc_pal_1_groupArray
 .rodata.adc_pal_1_instance
                0x00004860        0x8 ./board/peripherals_adc_pal_1.o
                0x00004860                adc_pal_1_instance
 .rodata.Tasks_StartOS.str1.4
                0x00004868       0x20 ./src/DCU/Runtime/DcuTasks.o
 *(.init)
 .init          0x00004888        0x4 d:/s32/s32ds/build_tools/gcc_v6.3/gcc-6.3-arm32-eabi/bin/../lib/gcc/arm-none-eabi/6.3.1/thumb/v7e-m/fpv4-sp/hard/crti.o
                0x00004888                _init
 *(.fini)
 .fini          0x0000488c        0x4 d:/s32/s32ds/build_tools/gcc_v6.3/gcc-6.3-arm32-eabi/bin/../lib/gcc/arm-none-eabi/6.3.1/thumb/v7e-m/fpv4-sp/hard/crti.o
                0x0000488c                _fini
 *(.eh_frame)
                0x00004890                . = ALIGN (0x4)

.glue_7         0x00004890        0x0
 .glue_7        0x00004890        0x0 linker stubs

.glue_7t        0x00004890        0x0
 .glue_7t       0x00004890        0x0 linker stubs

.vfp11_veneer   0x00004890        0x0
 .vfp11_veneer  0x00004890        0x0 linker stubs

.v4_bx          0x00004890        0x0
 .v4_bx         0x00004890        0x0 linker stubs

.iplt           0x00004890        0x0
 .iplt          0x00004890        0x0 d:/s32/s32ds/build_tools/gcc_v6.3/gcc-6.3-arm32-eabi/bin/../lib/gcc/arm-none-eabi/6.3.1/thumb/v7e-m/fpv4-sp/hard/crtbegin.o

.rel.dyn        0x00004890        0x0
 .rel.iplt      0x00004890        0x0 d:/s32/s32ds/build_tools/gcc_v6.3/gcc-6.3-arm32-eabi/bin/../lib/gcc/arm-none-eabi/6.3.1/thumb/v7e-m/fpv4-sp/hard/crtbegin.o

.ARM            0x00004890        0x0
                0x00004890                __exidx_start = .
 *(.ARM.exidx*)
                0x00004890                __exidx_end = .
                0x00004890                __etext = .
                0x00004890                __DATA_ROM = .

.interrupts_ram
                0x1fff8000      0x400
                0x1fff8000                . = ALIGN (0x4)
                0x1fff8000                __VECTOR_RAM__ = .
                0x1fff8000                __RAM_START = .
                0x1fff8000                __interrupts_ram_start__ = .
 *(.m_interrupts_ram)
                0x1fff8400                . = (. + M_VECTOR_RAM_SIZE)
 *fill*         0x1fff8000      0x400 
                0x1fff8400                . = ALIGN (0x4)
                0x1fff8400                __interrupts_ram_end__ = .
                0x1fff8000                __VECTOR_RAM = DEFINED (__flash_vector_table__)?ORIGIN (m_interrupts):__VECTOR_RAM__
                0x00000400                __RAM_VECTOR_TABLE_SIZE = DEFINED (__flash_vector_table__)?0x0:(__interrupts_ram_end__ - __interrupts_ram_start__)

.data           0x1fff8400      0x284 load address 0x00004890
                0x1fff8400                . = ALIGN (0x4)
                0x1fff8400                __DATA_RAM = .
                0x1fff8400                __data_start__ = .
 *(.data)
 *(.data*)
 .data.peripheralClockConfig.7389
                0x1fff8400       0xa0 ./SDK/platform/drivers/src/clock/S32K1xx/clock_S32K1xx.o
 .data.uxCriticalNesting
                0x1fff84a0        0x4 ./SDK/rtos/FreeRTOS/Source/portable/GCC/ARM_CM4F/port.o
 .data.clockMan1_InitConfig0
                0x1fff84a4       0x88 ./board/clock_config.o
                0x1fff84a4                clockMan1_InitConfig0
 .data.g_clockManConfigsArr
                0x1fff852c        0x4 ./board/clock_config.o
                0x1fff852c                g_clockManConfigsArr
 .data.peripheralClockConfig0
                0x1fff8530       0xa0 ./board/clock_config.o
                0x1fff8530                peripheralClockConfig0
 .data.adc_pal_1_channelsArray0
                0x1fff85d0        0x2 ./board/peripherals_adc_pal_1.o
                0x1fff85d0                adc_pal_1_channelsArray0
 *fill*         0x1fff85d2        0x2 
 .data.adc_pal_1_extensionConfig
                0x1fff85d4        0x6 ./board/peripherals_adc_pal_1.o
 *fill*         0x1fff85da        0x2 
 .data.g_pin_mux_InitConfigArr0
                0x1fff85dc       0xa8 ./board/pin_mux.o
                0x1fff85dc                g_pin_mux_InitConfigArr0
                0x1fff8684                . = ALIGN (0x4)
                0x1fff8684                __data_end__ = .
                0x00004b14                __DATA_END = (__DATA_ROM + (__data_end__ - __data_start__))
                0x00004b14                __CODE_ROM = __DATA_END

.igot.plt       0x1fff8684        0x0 load address 0x00004b14
 .igot.plt      0x1fff8684        0x0 d:/s32/s32ds/build_tools/gcc_v6.3/gcc-6.3-arm32-eabi/bin/../lib/gcc/arm-none-eabi/6.3.1/thumb/v7e-m/fpv4-sp/hard/crtbegin.o

.code           0x1fff8684        0x0 load address 0x00004b14
                0x1fff8684                . = ALIGN (0x4)
                0x1fff8684                __CODE_RAM = .
                0x1fff8684                __code_start__ = .
                0x1fff8684                __code_ram_start__ = .
 *(.code_ram)
                0x1fff8684                . = ALIGN (0x4)
                0x1fff8684                __code_end__ = .
                0x1fff8684                __code_ram_end__ = .
                0x00004b14                __CODE_END = (__CODE_ROM + (__code_end__ - __code_start__))
                0x00004b14                __CUSTOM_ROM = __CODE_END

.customSectionBlock
                0x20000000        0x0 load address 0x00004b14
                0x20000000                __customSection_start__ = .
 *(.customSection)
                0x20000000                __customSection_end__ = .
                0x00004b14                __CUSTOM_END = (__CUSTOM_ROM + (__customSection_end__ - __customSection_start__))
                0x00004b14                __rom_end = __CUSTOM_END

.bss            0x20000000     0x21fc
                0x20000000                . = ALIGN (0x4)
                0x20000000                __BSS_START = .
                0x20000000                __bss_start__ = .
 *(.bss)
 *(.bss*)
 .bss.g_clockState
                0x20000000       0x10 ./SDK/platform/drivers/src/clock/S32K1xx/clock_S32K1xx.o
 .bss.g_interruptDisableCount
                0x20000010        0x4 ./SDK/platform/drivers/src/interrupt/interrupt_manager.o
 .bss.adcPalState
                0x20000014       0x38 ./SDK/platform/pal/src/adc/adc_pal.o
 .bss.pxCurrentTCB
                0x2000004c        0x4 ./SDK/rtos/FreeRTOS/Source/tasks.o
                0x2000004c                pxCurrentTCB
 .bss.pxDelayedTaskList
                0x20000050        0x4 ./SDK/rtos/FreeRTOS/Source/tasks.o
 .bss.pxOverflowDelayedTaskList
                0x20000054        0x4 ./SDK/rtos/FreeRTOS/Source/tasks.o
 .bss.pxReadyTasksLists
                0x20000058       0x64 ./SDK/rtos/FreeRTOS/Source/tasks.o
 .bss.uxCurrentNumberOfTasks
                0x200000bc        0x4 ./SDK/rtos/FreeRTOS/Source/tasks.o
 .bss.uxDeletedTasksWaitingCleanUp
                0x200000c0        0x4 ./SDK/rtos/FreeRTOS/Source/tasks.o
 .bss.uxPendedTicks
                0x200000c4        0x4 ./SDK/rtos/FreeRTOS/Source/tasks.o
 .bss.uxSchedulerSuspended
                0x200000c8        0x4 ./SDK/rtos/FreeRTOS/Source/tasks.o
 .bss.uxTaskNumber
                0x200000cc        0x4 ./SDK/rtos/FreeRTOS/Source/tasks.o
 .bss.uxTopReadyPriority
                0x200000d0        0x4 ./SDK/rtos/FreeRTOS/Source/tasks.o
 .bss.xDelayedTaskList1
                0x200000d4       0x14 ./SDK/rtos/FreeRTOS/Source/tasks.o
 .bss.xDelayedTaskList2
                0x200000e8       0x14 ./SDK/rtos/FreeRTOS/Source/tasks.o
 .bss.xIdleTaskHandle
                0x200000fc        0x4 ./SDK/rtos/FreeRTOS/Source/tasks.o
 .bss.xNextTaskUnblockTime
                0x20000100        0x4 ./SDK/rtos/FreeRTOS/Source/tasks.o
 .bss.xNumOfOverflows
                0x20000104        0x4 ./SDK/rtos/FreeRTOS/Source/tasks.o
 .bss.xPendingReadyList
                0x20000108       0x14 ./SDK/rtos/FreeRTOS/Source/tasks.o
 .bss.xSchedulerRunning
                0x2000011c        0x4 ./SDK/rtos/FreeRTOS/Source/tasks.o
 .bss.xSuspendedTaskList
                0x20000120       0x14 ./SDK/rtos/FreeRTOS/Source/tasks.o
 .bss.xTasksWaitingTermination
                0x20000134       0x14 ./SDK/rtos/FreeRTOS/Source/tasks.o
 .bss.xTickCount
                0x20000148        0x4 ./SDK/rtos/FreeRTOS/Source/tasks.o
 .bss.xYieldPending
                0x2000014c        0x4 ./SDK/rtos/FreeRTOS/Source/tasks.o
 .bss.pxCurrentTimerList
                0x20000150        0x4 ./SDK/rtos/FreeRTOS/Source/timers.o
 .bss.pxOverflowTimerList
                0x20000154        0x4 ./SDK/rtos/FreeRTOS/Source/timers.o
 .bss.xActiveTimerList1
                0x20000158       0x14 ./SDK/rtos/FreeRTOS/Source/timers.o
 .bss.xActiveTimerList2
                0x2000016c       0x14 ./SDK/rtos/FreeRTOS/Source/timers.o
 .bss.xLastTime.6408
                0x20000180        0x4 ./SDK/rtos/FreeRTOS/Source/timers.o
 .bss.xTimerQueue
                0x20000184        0x4 ./SDK/rtos/FreeRTOS/Source/timers.o
 .bss.xTimerTaskHandle
                0x20000188        0x4 ./SDK/rtos/FreeRTOS/Source/timers.o
 .bss.ucMaxSysCallPriority
                0x2000018c        0x1 ./SDK/rtos/FreeRTOS/Source/portable/GCC/ARM_CM4F/port.o
 *fill*         0x2000018d        0x3 
 .bss.ulMaxPRIGROUPValue
                0x20000190        0x4 ./SDK/rtos/FreeRTOS/Source/portable/GCC/ARM_CM4F/port.o
 .bss.pucAlignedHeap.6098
                0x20000194        0x4 ./SDK/rtos/FreeRTOS/Source/portable/MemMang/heap_1.o
 .bss.ucHeap    0x20000198     0x2000 ./SDK/rtos/FreeRTOS/Source/portable/MemMang/heap_1.o
 .bss.xNextFreeByte
                0x20002198        0x4 ./SDK/rtos/FreeRTOS/Source/portable/MemMang/heap_1.o
 .bss.g_clockManCallbacksArr
                0x2000219c        0x4 ./board/clock_config.o
                0x2000219c                g_clockManCallbacksArr
 .bss.Adc_AntiPinch
                0x200021a0        0x2 ./src/DCU/Microcontroller/Adc/Adc.o
 *(COMMON)
 *fill*         0x200021a2        0x2 
 COMMON         0x200021a4       0x14 ./SDK/platform/drivers/src/clock/S32K1xx/clock_S32K1xx.o
                0x200021a4                g_xtal0ClkFreq
                0x200021a8                g_RtcClkInFreq
                0x200021ac                g_TClkFreq
 COMMON         0x200021b8       0x40 ./SDK/rtos/FreeRTOS/Source/queue.o
                0x200021b8                xQueueRegistry
 COMMON         0x200021f8        0x2 ./board/peripherals_adc_pal_1.o
                0x200021f8                adc_pal_1_results0
                0x200021fc                . = ALIGN (0x4)
 *fill*         0x200021fa        0x2 
                0x200021fc                __bss_end__ = .
                0x200021fc                __BSS_END = .

.heap           0x200021fc      0x404
                0x20002200                . = ALIGN (0x8)
 *fill*         0x200021fc        0x4 
                0x20002200                __end__ = .
                0x20002200                __heap_start__ = .
                [!provide]                PROVIDE (end, .)
                [!provide]                PROVIDE (_end, .)
                [!provide]                PROVIDE (__end, .)
                0x20002200                __HeapBase = .
                0x20002600                . = (. + HEAP_SIZE)
 *fill*         0x20002200      0x400 
                0x20002600                __HeapLimit = .
                0x20002600                __heap_limit = .
                0x20002600                __heap_end__ = .
                0x20007000                __StackTop = (ORIGIN (m_data_2) + LENGTH (m_data_2))
                0x20006c00                __StackLimit = (__StackTop - STACK_SIZE)
                0x20007000                PROVIDE (__stack, __StackTop)
                0x20007000                __RAM_END = __StackTop

.stack          0x20006c00      0x400
                0x20006c00                . = ALIGN (0x8)
                0x20006c00                __stack_start__ = .
                0x20007000                . = (. + STACK_SIZE)
 *fill*         0x20006c00      0x400 
                0x20007000                __stack_end__ = .

.ARM.attributes
                0x00000000       0x30
 *(.ARM.attributes)
 .ARM.attributes
                0x00000000       0x22 d:/s32/s32ds/build_tools/gcc_v6.3/gcc-6.3-arm32-eabi/bin/../lib/gcc/arm-none-eabi/6.3.1/thumb/v7e-m/fpv4-sp/hard/crti.o
 .ARM.attributes
                0x00000022       0x1f ./Project_Settings/Startup_Code/startup_S32K144.o
 .ARM.attributes
                0x00000041       0x39 ./SDK/platform/devices/S32K144/startup/system_S32K144.o
 .ARM.attributes
                0x0000007a       0x39 ./SDK/platform/devices/startup.o
 .ARM.attributes
                0x000000b3       0x39 ./SDK/platform/drivers/src/adc/adc_driver.o
 .ARM.attributes
                0x000000ec       0x39 ./SDK/platform/drivers/src/clock/S32K1xx/clock_S32K1xx.o
 .ARM.attributes
                0x00000125       0x39 ./SDK/platform/drivers/src/interrupt/interrupt_manager.o
 .ARM.attributes
                0x0000015e       0x39 ./SDK/platform/drivers/src/pdb/pdb_driver.o
 .ARM.attributes
                0x00000197       0x39 ./SDK/platform/drivers/src/pdb/pdb_hw_access.o
 .ARM.attributes
                0x000001d0       0x39 ./SDK/platform/drivers/src/pins/pins_driver.o
 .ARM.attributes
                0x00000209       0x39 ./SDK/platform/drivers/src/pins/pins_port_hw_access.o
 .ARM.attributes
                0x00000242       0x39 ./SDK/platform/drivers/src/trgmux/trgmux_driver.o
 .ARM.attributes
                0x0000027b       0x39 ./SDK/platform/drivers/src/trgmux/trgmux_hw_access.o
 .ARM.attributes
                0x000002b4       0x39 ./SDK/platform/pal/src/adc/adc_irq.o
 .ARM.attributes
                0x000002ed       0x39 ./SDK/platform/pal/src/adc/adc_pal.o
 .ARM.attributes
                0x00000326       0x39 ./SDK/rtos/FreeRTOS/Source/list.o
 .ARM.attributes
                0x0000035f       0x39 ./SDK/rtos/FreeRTOS/Source/queue.o
 .ARM.attributes
                0x00000398       0x39 ./SDK/rtos/FreeRTOS/Source/tasks.o
 .ARM.attributes
                0x000003d1       0x39 ./SDK/rtos/FreeRTOS/Source/timers.o
 .ARM.attributes
                0x0000040a       0x39 ./SDK/rtos/FreeRTOS/Source/portable/GCC/ARM_CM4F/port.o
 .ARM.attributes
                0x00000443       0x39 ./SDK/rtos/FreeRTOS/Source/portable/MemMang/heap_1.o
 .ARM.attributes
                0x0000047c       0x39 ./board/clock_config.o
 .ARM.attributes
                0x000004b5       0x39 ./board/peripherals_adc_pal_1.o
 .ARM.attributes
                0x000004ee       0x39 ./board/pin_mux.o
 .ARM.attributes
                0x00000527       0x39 ./src/DCU/Microcontroller/Adc/Adc.o
 .ARM.attributes
                0x00000560       0x39 ./src/DCU/Microcontroller/Dio/Dio.o
 .ARM.attributes
                0x00000599       0x39 ./src/DCU/Microcontroller/Mcu/Mcu.o
 .ARM.attributes
                0x000005d2       0x39 ./src/DCU/Microcontroller/Mpu/Mpu.o
 .ARM.attributes
                0x0000060b       0x39 ./src/DCU/Microcontroller/Wdg/Wdg.o
 .ARM.attributes
                0x00000644       0x39 ./src/DCU/Runtime/DcuTasks.o
 .ARM.attributes
                0x0000067d       0x39 ./src/main.o
 .ARM.attributes
                0x000006b6       0x39 ./src/rtos.o
 .ARM.attributes
                0x000006ef       0x34 D:/S32/S32DS/build_tools/gcc_b1620/gcc-6.3-arm32-eabi/arm-none-eabi/newlib/lib/thumb/v7e-m/fpv4-sp/hard\libc_nano.a(lib_a-memcpy-stub.o)
 .ARM.attributes
                0x00000723       0x34 D:/S32/S32DS/build_tools/gcc_b1620/gcc-6.3-arm32-eabi/arm-none-eabi/newlib/lib/thumb/v7e-m/fpv4-sp/hard\libc_nano.a(lib_a-memset.o)
                0x00000001                ASSERT ((__rom_end <= (ORIGIN (m_text) + LENGTH (m_text))), Region m_text overflowed!)
                0x00000001                ASSERT ((__StackLimit >= __HeapLimit), region m_data_2 overflowed with stack and heap)
OUTPUT(freertos_s32k144_equipo4.elf elf32-littlearm)

.debug_line     0x00000000     0xccde
 .debug_line    0x00000000       0xc2 ./Project_Settings/Startup_Code/startup_S32K144.o
 .debug_line    0x000000c2      0x3d3 ./SDK/platform/devices/S32K144/startup/system_S32K144.o
 .debug_line    0x00000495      0x36b ./SDK/platform/devices/startup.o
 .debug_line    0x00000800      0xb1d ./SDK/platform/drivers/src/adc/adc_driver.o
 .debug_line    0x0000131d     0x14b3 ./SDK/platform/drivers/src/clock/S32K1xx/clock_S32K1xx.o
 .debug_line    0x000027d0      0x550 ./SDK/platform/drivers/src/interrupt/interrupt_manager.o
 .debug_line    0x00002d20      0x824 ./SDK/platform/drivers/src/pdb/pdb_driver.o
 .debug_line    0x00003544      0x610 ./SDK/platform/drivers/src/pdb/pdb_hw_access.o
 .debug_line    0x00003b54      0x697 ./SDK/platform/drivers/src/pins/pins_driver.o
 .debug_line    0x000041eb      0x556 ./SDK/platform/drivers/src/pins/pins_port_hw_access.o
 .debug_line    0x00004741      0x495 ./SDK/platform/drivers/src/trgmux/trgmux_driver.o
 .debug_line    0x00004bd6      0x45a ./SDK/platform/drivers/src/trgmux/trgmux_hw_access.o
 .debug_line    0x00005030      0x519 ./SDK/platform/pal/src/adc/adc_irq.o
 .debug_line    0x00005549      0xb23 ./SDK/platform/pal/src/adc/adc_pal.o
 .debug_line    0x0000606c      0x486 ./SDK/rtos/FreeRTOS/Source/list.o
 .debug_line    0x000064f2      0xaab ./SDK/rtos/FreeRTOS/Source/queue.o
 .debug_line    0x00006f9d      0xe96 ./SDK/rtos/FreeRTOS/Source/tasks.o
 .debug_line    0x00007e33      0x6db ./SDK/rtos/FreeRTOS/Source/timers.o
 .debug_line    0x0000850e      0x4e0 ./SDK/rtos/FreeRTOS/Source/portable/GCC/ARM_CM4F/port.o
 .debug_line    0x000089ee      0x487 ./SDK/rtos/FreeRTOS/Source/portable/MemMang/heap_1.o
 .debug_line    0x00008e75      0x3f7 ./board/clock_config.o
 .debug_line    0x0000926c      0x52a ./board/peripherals_adc_pal_1.o
 .debug_line    0x00009796      0x39a ./board/pin_mux.o
 .debug_line    0x00009b30      0x736 ./src/DCU/Microcontroller/Adc/Adc.o
 .debug_line    0x0000a266      0x860 ./src/DCU/Microcontroller/Dio/Dio.o
 .debug_line    0x0000aac6      0x714 ./src/DCU/Microcontroller/Mcu/Mcu.o
 .debug_line    0x0000b1da       0xca ./src/DCU/Microcontroller/Mpu/Mpu.o
 .debug_line    0x0000b2a4       0xab ./src/DCU/Microcontroller/Wdg/Wdg.o
 .debug_line    0x0000b34f      0xa9a ./src/DCU/Runtime/DcuTasks.o
 .debug_line    0x0000bde9      0x6f4 ./src/main.o
 .debug_line    0x0000c4dd      0x801 ./src/rtos.o

.debug_info     0x00000000    0x28c72
 .debug_info    0x00000000       0x26 ./Project_Settings/Startup_Code/startup_S32K144.o
 .debug_info    0x00000026      0x521 ./SDK/platform/devices/S32K144/startup/system_S32K144.o
 .debug_info    0x00000547      0x2ad ./SDK/platform/devices/startup.o
 .debug_info    0x000007f4     0x3544 ./SDK/platform/drivers/src/adc/adc_driver.o
 .debug_info    0x00003d38     0x6374 ./SDK/platform/drivers/src/clock/S32K1xx/clock_S32K1xx.o
 .debug_info    0x0000a0ac      0xc99 ./SDK/platform/drivers/src/interrupt/interrupt_manager.o
 .debug_info    0x0000ad45     0x1ec5 ./SDK/platform/drivers/src/pdb/pdb_driver.o
 .debug_info    0x0000cc0a      0x978 ./SDK/platform/drivers/src/pdb/pdb_hw_access.o
 .debug_info    0x0000d582     0x14b7 ./SDK/platform/drivers/src/pins/pins_driver.o
 .debug_info    0x0000ea39      0x9a5 ./SDK/platform/drivers/src/pins/pins_port_hw_access.o
 .debug_info    0x0000f3de      0xc7c ./SDK/platform/drivers/src/trgmux/trgmux_driver.o
 .debug_info    0x0001005a      0x899 ./SDK/platform/drivers/src/trgmux/trgmux_hw_access.o
 .debug_info    0x000108f3      0x155 ./SDK/platform/pal/src/adc/adc_irq.o
 .debug_info    0x00010a48     0x28bd ./SDK/platform/pal/src/adc/adc_pal.o
 .debug_info    0x00013305      0xaae ./SDK/rtos/FreeRTOS/Source/list.o
 .debug_info    0x00013db3     0x2822 ./SDK/rtos/FreeRTOS/Source/queue.o
 .debug_info    0x000165d5     0x31bf ./SDK/rtos/FreeRTOS/Source/tasks.o
 .debug_info    0x00019794     0x1b32 ./SDK/rtos/FreeRTOS/Source/timers.o
 .debug_info    0x0001b2c6      0x560 ./SDK/rtos/FreeRTOS/Source/portable/GCC/ARM_CM4F/port.o
 .debug_info    0x0001b826      0xa19 ./SDK/rtos/FreeRTOS/Source/portable/MemMang/heap_1.o
 .debug_info    0x0001c23f     0x12b9 ./board/clock_config.o
 .debug_info    0x0001d4f8      0x917 ./board/peripherals_adc_pal_1.o
 .debug_info    0x0001de0f      0x409 ./board/pin_mux.o
 .debug_info    0x0001e218     0x1a37 ./src/DCU/Microcontroller/Adc/Adc.o
 .debug_info    0x0001fc4f     0x1c18 ./src/DCU/Microcontroller/Dio/Dio.o
 .debug_info    0x00021867     0x19e1 ./src/DCU/Microcontroller/Mcu/Mcu.o
 .debug_info    0x00023248       0xbb ./src/DCU/Microcontroller/Mpu/Mpu.o
 .debug_info    0x00023303       0x93 ./src/DCU/Microcontroller/Wdg/Wdg.o
 .debug_info    0x00023396     0x1c68 ./src/DCU/Runtime/DcuTasks.o
 .debug_info    0x00024ffe     0x19b5 ./src/main.o
 .debug_info    0x000269b3     0x22bf ./src/rtos.o

.debug_abbrev   0x00000000     0x3f87
 .debug_abbrev  0x00000000       0x14 ./Project_Settings/Startup_Code/startup_S32K144.o
 .debug_abbrev  0x00000014      0x141 ./SDK/platform/devices/S32K144/startup/system_S32K144.o
 .debug_abbrev  0x00000155       0xe1 ./SDK/platform/devices/startup.o
 .debug_abbrev  0x00000236      0x3a1 ./SDK/platform/drivers/src/adc/adc_driver.o
 .debug_abbrev  0x000005d7      0x409 ./SDK/platform/drivers/src/clock/S32K1xx/clock_S32K1xx.o
 .debug_abbrev  0x000009e0      0x278 ./SDK/platform/drivers/src/interrupt/interrupt_manager.o
 .debug_abbrev  0x00000c58      0x397 ./SDK/platform/drivers/src/pdb/pdb_driver.o
 .debug_abbrev  0x00000fef      0x270 ./SDK/platform/drivers/src/pdb/pdb_hw_access.o
 .debug_abbrev  0x0000125f      0x2f6 ./SDK/platform/drivers/src/pins/pins_driver.o
 .debug_abbrev  0x00001555      0x232 ./SDK/platform/drivers/src/pins/pins_port_hw_access.o
 .debug_abbrev  0x00001787      0x1e6 ./SDK/platform/drivers/src/trgmux/trgmux_driver.o
 .debug_abbrev  0x0000196d      0x199 ./SDK/platform/drivers/src/trgmux/trgmux_hw_access.o
 .debug_abbrev  0x00001b06       0xa6 ./SDK/platform/pal/src/adc/adc_irq.o
 .debug_abbrev  0x00001bac      0x398 ./SDK/platform/pal/src/adc/adc_pal.o
 .debug_abbrev  0x00001f44      0x1da ./SDK/rtos/FreeRTOS/Source/list.o
 .debug_abbrev  0x0000211e      0x390 ./SDK/rtos/FreeRTOS/Source/queue.o
 .debug_abbrev  0x000024ae      0x3e5 ./SDK/rtos/FreeRTOS/Source/tasks.o
 .debug_abbrev  0x00002893      0x387 ./SDK/rtos/FreeRTOS/Source/timers.o
 .debug_abbrev  0x00002c1a      0x22a ./SDK/rtos/FreeRTOS/Source/portable/GCC/ARM_CM4F/port.o
 .debug_abbrev  0x00002e44      0x27c ./SDK/rtos/FreeRTOS/Source/portable/MemMang/heap_1.o
 .debug_abbrev  0x000030c0      0x125 ./board/clock_config.o
 .debug_abbrev  0x000031e5       0xf9 ./board/peripherals_adc_pal_1.o
 .debug_abbrev  0x000032de       0xcd ./board/pin_mux.o
 .debug_abbrev  0x000033ab      0x1dc ./src/DCU/Microcontroller/Adc/Adc.o
 .debug_abbrev  0x00003587      0x1a8 ./src/DCU/Microcontroller/Dio/Dio.o
 .debug_abbrev  0x0000372f      0x17f ./src/DCU/Microcontroller/Mcu/Mcu.o
 .debug_abbrev  0x000038ae       0x77 ./src/DCU/Microcontroller/Mpu/Mpu.o
 .debug_abbrev  0x00003925       0x70 ./src/DCU/Microcontroller/Wdg/Wdg.o
 .debug_abbrev  0x00003995      0x1b9 ./src/DCU/Runtime/DcuTasks.o
 .debug_abbrev  0x00003b4e      0x168 ./src/main.o
 .debug_abbrev  0x00003cb6      0x2d1 ./src/rtos.o

.debug_aranges  0x00000000      0xd30
 .debug_aranges
                0x00000000       0x20 ./Project_Settings/Startup_Code/startup_S32K144.o
 .debug_aranges
                0x00000020       0x30 ./SDK/platform/devices/S32K144/startup/system_S32K144.o
 .debug_aranges
                0x00000050       0x20 ./SDK/platform/devices/startup.o
 .debug_aranges
                0x00000070       0xe8 ./SDK/platform/drivers/src/adc/adc_driver.o
 .debug_aranges
                0x00000158      0x128 ./SDK/platform/drivers/src/clock/S32K1xx/clock_S32K1xx.o
 .debug_aranges
                0x00000280       0x70 ./SDK/platform/drivers/src/interrupt/interrupt_manager.o
 .debug_aranges
                0x000002f0       0xc0 ./SDK/platform/drivers/src/pdb/pdb_driver.o
 .debug_aranges
                0x000003b0       0x58 ./SDK/platform/drivers/src/pdb/pdb_hw_access.o
 .debug_aranges
                0x00000408       0xe0 ./SDK/platform/drivers/src/pins/pins_driver.o
 .debug_aranges
                0x000004e8       0x40 ./SDK/platform/drivers/src/pins/pins_port_hw_access.o
 .debug_aranges
                0x00000528       0x50 ./SDK/platform/drivers/src/trgmux/trgmux_driver.o
 .debug_aranges
                0x00000578       0x40 ./SDK/platform/drivers/src/trgmux/trgmux_hw_access.o
 .debug_aranges
                0x000005b8       0x28 ./SDK/platform/pal/src/adc/adc_irq.o
 .debug_aranges
                0x000005e0       0x78 ./SDK/platform/pal/src/adc/adc_pal.o
 .debug_aranges
                0x00000658       0x40 ./SDK/rtos/FreeRTOS/Source/list.o
 .debug_aranges
                0x00000698      0x108 ./SDK/rtos/FreeRTOS/Source/queue.o
 .debug_aranges
                0x000007a0      0x1b0 ./SDK/rtos/FreeRTOS/Source/tasks.o
 .debug_aranges
                0x00000950       0xa0 ./SDK/rtos/FreeRTOS/Source/timers.o
 .debug_aranges
                0x000009f0       0x80 ./SDK/rtos/FreeRTOS/Source/portable/GCC/ARM_CM4F/port.o
 .debug_aranges
                0x00000a70       0x38 ./SDK/rtos/FreeRTOS/Source/portable/MemMang/heap_1.o
 .debug_aranges
                0x00000aa8       0x18 ./board/clock_config.o
 .debug_aranges
                0x00000ac0       0x18 ./board/peripherals_adc_pal_1.o
 .debug_aranges
                0x00000ad8       0x18 ./board/pin_mux.o
 .debug_aranges
                0x00000af0       0x30 ./src/DCU/Microcontroller/Adc/Adc.o
 .debug_aranges
                0x00000b20       0xc0 ./src/DCU/Microcontroller/Dio/Dio.o
 .debug_aranges
                0x00000be0       0x20 ./src/DCU/Microcontroller/Mcu/Mcu.o
 .debug_aranges
                0x00000c00       0x38 ./src/DCU/Microcontroller/Mpu/Mpu.o
 .debug_aranges
                0x00000c38       0x28 ./src/DCU/Microcontroller/Wdg/Wdg.o
 .debug_aranges
                0x00000c60       0x40 ./src/DCU/Runtime/DcuTasks.o
 .debug_aranges
                0x00000ca0       0x20 ./src/main.o
 .debug_aranges
                0x00000cc0       0x70 ./src/rtos.o

.debug_str      0x00000000    0x7eb72
 .debug_str     0x00000000       0x9e ./Project_Settings/Startup_Code/startup_S32K144.o
 .debug_str     0x0000009e    0x69396 ./SDK/platform/devices/S32K144/startup/system_S32K144.o
                              0x69527 (size before relaxing)
 .debug_str     0x00069434      0x38f ./SDK/platform/devices/startup.o
                              0x69699 (size before relaxing)
 .debug_str     0x000697c3     0x2518 ./SDK/platform/drivers/src/adc/adc_driver.o
                              0x6bb1c (size before relaxing)
 .debug_str     0x0006bcdb     0x3248 ./SDK/platform/drivers/src/clock/S32K1xx/clock_S32K1xx.o
                              0x6d836 (size before relaxing)
 .debug_str     0x0006ef23      0x1e8 ./SDK/platform/drivers/src/interrupt/interrupt_manager.o
                              0x69e22 (size before relaxing)
 .debug_str     0x0006f10b      0x8b4 ./SDK/platform/drivers/src/pdb/pdb_driver.o
                              0x6b39c (size before relaxing)
 .debug_str     0x0006f9bf       0x35 ./SDK/platform/drivers/src/pdb/pdb_hw_access.o
                              0x69c54 (size before relaxing)
 .debug_str     0x0006f9f4      0x9d2 ./SDK/platform/drivers/src/pins/pins_driver.o
                              0x6a7f5 (size before relaxing)
 .debug_str     0x000703c6      0x1ba ./SDK/platform/drivers/src/pins/pins_port_hw_access.o
                              0x69cdd (size before relaxing)
 .debug_str     0x00070580     0x10ae ./SDK/platform/drivers/src/trgmux/trgmux_driver.o
                              0x6af98 (size before relaxing)
 .debug_str     0x0007162e      0x19b ./SDK/platform/drivers/src/trgmux/trgmux_hw_access.o
                              0x6aed0 (size before relaxing)
 .debug_str     0x000717c9       0xbb ./SDK/platform/pal/src/adc/adc_irq.o
                              0x6958a (size before relaxing)
 .debug_str     0x00071884     0x5233 ./SDK/platform/pal/src/adc/adc_pal.o
                              0x715ec (size before relaxing)
 .debug_str     0x00076ab7     0x32b0 ./SDK/rtos/FreeRTOS/Source/list.o
                               0xa271 (size before relaxing)
 .debug_str     0x00079d67      0xac0 ./SDK/rtos/FreeRTOS/Source/queue.o
                               0xbac6 (size before relaxing)
 .debug_str     0x0007a827     0x22d4 ./SDK/rtos/FreeRTOS/Source/tasks.o
                               0xcf27 (size before relaxing)
 .debug_str     0x0007cafb      0x5a5 ./SDK/rtos/FreeRTOS/Source/timers.o
                               0xbf42 (size before relaxing)
 .debug_str     0x0007d0a0      0x7a1 ./SDK/rtos/FreeRTOS/Source/portable/GCC/ARM_CM4F/port.o
                               0x7ece (size before relaxing)
 .debug_str     0x0007d841      0x123 ./SDK/rtos/FreeRTOS/Source/portable/MemMang/heap_1.o
                               0xa943 (size before relaxing)
 .debug_str     0x0007d964       0xda ./board/clock_config.o
                              0x6b5c7 (size before relaxing)
 .debug_str     0x0007da3e       0xad ./board/peripherals_adc_pal_1.o
                              0x6aab9 (size before relaxing)
 .debug_str     0x0007daeb       0xbb ./board/pin_mux.o
                              0x699fc (size before relaxing)
 .debug_str     0x0007dba6      0x13c ./src/DCU/Microcontroller/Adc/Adc.o
                              0x6f673 (size before relaxing)
 .debug_str     0x0007dce2      0x458 ./src/DCU/Microcontroller/Dio/Dio.o
                              0x6fa0c (size before relaxing)
 .debug_str     0x0007e13a       0x46 ./src/DCU/Microcontroller/Mcu/Mcu.o
                              0x6f601 (size before relaxing)
 .debug_str     0x0007e180       0x81 ./src/DCU/Microcontroller/Mpu/Mpu.o
                               0x27d2 (size before relaxing)
 .debug_str     0x0007e201       0xa7 ./src/DCU/Microcontroller/Wdg/Wdg.o
                               0x27f1 (size before relaxing)
 .debug_str     0x0007e2a8      0x56e ./src/DCU/Runtime/DcuTasks.o
                              0x7141b (size before relaxing)
 .debug_str     0x0007e816       0x13 ./src/main.o
                              0x6f552 (size before relaxing)
 .debug_str     0x0007e829      0x349 ./src/rtos.o
                              0x71e42 (size before relaxing)

.debug_loc      0x00000000     0xf3b8
 .debug_loc     0x00000000       0xeb ./SDK/platform/devices/S32K144/startup/system_S32K144.o
 .debug_loc     0x000000eb       0xec ./SDK/platform/devices/startup.o
 .debug_loc     0x000001d7     0x1a7f ./SDK/platform/drivers/src/adc/adc_driver.o
 .debug_loc     0x00001c56     0x5061 ./SDK/platform/drivers/src/clock/S32K1xx/clock_S32K1xx.o
 .debug_loc     0x00006cb7      0x678 ./SDK/platform/drivers/src/interrupt/interrupt_manager.o
 .debug_loc     0x0000732f      0xe14 ./SDK/platform/drivers/src/pdb/pdb_driver.o
 .debug_loc     0x00008143      0x754 ./SDK/platform/drivers/src/pdb/pdb_hw_access.o
 .debug_loc     0x00008897      0x7c7 ./SDK/platform/drivers/src/pins/pins_driver.o
 .debug_loc     0x0000905e      0x639 ./SDK/platform/drivers/src/pins/pins_port_hw_access.o
 .debug_loc     0x00009697      0x2eb ./SDK/platform/drivers/src/trgmux/trgmux_driver.o
 .debug_loc     0x00009982      0x2cb ./SDK/platform/drivers/src/trgmux/trgmux_hw_access.o
 .debug_loc     0x00009c4d     0x1654 ./SDK/platform/pal/src/adc/adc_pal.o
 .debug_loc     0x0000b2a1       0x65 ./SDK/rtos/FreeRTOS/Source/list.o
 .debug_loc     0x0000b306     0x1465 ./SDK/rtos/FreeRTOS/Source/queue.o
 .debug_loc     0x0000c76b     0x1e57 ./SDK/rtos/FreeRTOS/Source/tasks.o
 .debug_loc     0x0000e5c2      0xb6e ./SDK/rtos/FreeRTOS/Source/timers.o
 .debug_loc     0x0000f130       0xdc ./SDK/rtos/FreeRTOS/Source/portable/GCC/ARM_CM4F/port.o
 .debug_loc     0x0000f20c       0xe6 ./SDK/rtos/FreeRTOS/Source/portable/MemMang/heap_1.o
 .debug_loc     0x0000f2f2       0x63 ./src/DCU/Runtime/DcuTasks.o
 .debug_loc     0x0000f355       0x63 ./src/rtos.o

.debug_ranges   0x00000000     0x13a8
 .debug_ranges  0x00000000       0x20 ./SDK/platform/devices/S32K144/startup/system_S32K144.o
 .debug_ranges  0x00000020       0x10 ./SDK/platform/devices/startup.o
 .debug_ranges  0x00000030      0x180 ./SDK/platform/drivers/src/adc/adc_driver.o
 .debug_ranges  0x000001b0      0x468 ./SDK/platform/drivers/src/clock/S32K1xx/clock_S32K1xx.o
 .debug_ranges  0x00000618       0x98 ./SDK/platform/drivers/src/interrupt/interrupt_manager.o
 .debug_ranges  0x000006b0       0xc8 ./SDK/platform/drivers/src/pdb/pdb_driver.o
 .debug_ranges  0x00000778       0xb0 ./SDK/platform/drivers/src/pdb/pdb_hw_access.o
 .debug_ranges  0x00000828       0xd0 ./SDK/platform/drivers/src/pins/pins_driver.o
 .debug_ranges  0x000008f8       0x48 ./SDK/platform/drivers/src/pins/pins_port_hw_access.o
 .debug_ranges  0x00000940       0x40 ./SDK/platform/drivers/src/trgmux/trgmux_driver.o
 .debug_ranges  0x00000980       0x30 ./SDK/platform/drivers/src/trgmux/trgmux_hw_access.o
 .debug_ranges  0x000009b0       0x18 ./SDK/platform/pal/src/adc/adc_irq.o
 .debug_ranges  0x000009c8      0x158 ./SDK/platform/pal/src/adc/adc_pal.o
 .debug_ranges  0x00000b20       0x30 ./SDK/rtos/FreeRTOS/Source/list.o
 .debug_ranges  0x00000b50      0x260 ./SDK/rtos/FreeRTOS/Source/queue.o
 .debug_ranges  0x00000db0      0x298 ./SDK/rtos/FreeRTOS/Source/tasks.o
 .debug_ranges  0x00001048      0x108 ./SDK/rtos/FreeRTOS/Source/timers.o
 .debug_ranges  0x00001150       0x70 ./SDK/rtos/FreeRTOS/Source/portable/GCC/ARM_CM4F/port.o
 .debug_ranges  0x000011c0       0x28 ./SDK/rtos/FreeRTOS/Source/portable/MemMang/heap_1.o
 .debug_ranges  0x000011e8       0x20 ./src/DCU/Microcontroller/Adc/Adc.o
 .debug_ranges  0x00001208       0xb0 ./src/DCU/Microcontroller/Dio/Dio.o
 .debug_ranges  0x000012b8       0x10 ./src/DCU/Microcontroller/Mcu/Mcu.o
 .debug_ranges  0x000012c8       0x28 ./src/DCU/Microcontroller/Mpu/Mpu.o
 .debug_ranges  0x000012f0       0x18 ./src/DCU/Microcontroller/Wdg/Wdg.o
 .debug_ranges  0x00001308       0x30 ./src/DCU/Runtime/DcuTasks.o
 .debug_ranges  0x00001338       0x10 ./src/main.o
 .debug_ranges  0x00001348       0x60 ./src/rtos.o

.debug_macro    0x00000000    0x22ff8
 .debug_macro   0x00000000       0xb6 ./SDK/platform/devices/S32K144/startup/system_S32K144.o
 .debug_macro   0x000000b6      0x8da ./SDK/platform/devices/S32K144/startup/system_S32K144.o
 .debug_macro   0x00000990       0x10 ./SDK/platform/devices/S32K144/startup/system_S32K144.o
 .debug_macro   0x000009a0       0x79 ./SDK/platform/devices/S32K144/startup/system_S32K144.o
 .debug_macro   0x00000a19       0x19 ./SDK/platform/devices/S32K144/startup/system_S32K144.o
 .debug_macro   0x00000a32       0x22 ./SDK/platform/devices/S32K144/startup/system_S32K144.o
 .debug_macro   0x00000a54       0x4f ./SDK/platform/devices/S32K144/startup/system_S32K144.o
 .debug_macro   0x00000aa3       0x51 ./SDK/platform/devices/S32K144/startup/system_S32K144.o
 .debug_macro   0x00000af4       0xef ./SDK/platform/devices/S32K144/startup/system_S32K144.o
 .debug_macro   0x00000be3       0x6a ./SDK/platform/devices/S32K144/startup/system_S32K144.o
 .debug_macro   0x00000c4d      0x1df ./SDK/platform/devices/S32K144/startup/system_S32K144.o
 .debug_macro   0x00000e2c     0xee9e ./SDK/platform/devices/S32K144/startup/system_S32K144.o
 .debug_macro   0x0000fcca      0xbbd ./SDK/platform/devices/S32K144/startup/system_S32K144.o
 .debug_macro   0x00010887       0x22 ./SDK/platform/devices/S32K144/startup/system_S32K144.o
 .debug_macro   0x000108a9       0x28 ./SDK/platform/devices/S32K144/startup/system_S32K144.o
 .debug_macro   0x000108d1       0xb6 ./SDK/platform/devices/startup.o
 .debug_macro   0x00010987     0xeeb3 ./SDK/platform/devices/startup.o
 .debug_macro   0x0001f83a       0x40 ./SDK/platform/devices/startup.o
 .debug_macro   0x0001f87a       0xea ./SDK/platform/drivers/src/adc/adc_driver.o
 .debug_macro   0x0001f964      0x16d ./SDK/platform/drivers/src/adc/adc_driver.o
 .debug_macro   0x0001fad1       0x10 ./SDK/platform/drivers/src/adc/adc_driver.o
 .debug_macro   0x0001fae1       0x8a ./SDK/platform/drivers/src/adc/adc_driver.o
 .debug_macro   0x0001fb6b      0x2b0 ./SDK/platform/drivers/src/clock/S32K1xx/clock_S32K1xx.o
 .debug_macro   0x0001fe1b       0x16 ./SDK/platform/drivers/src/clock/S32K1xx/clock_S32K1xx.o
 .debug_macro   0x0001fe31       0xca ./SDK/platform/drivers/src/interrupt/interrupt_manager.o
 .debug_macro   0x0001fefb       0xee ./SDK/platform/drivers/src/pdb/pdb_driver.o
 .debug_macro   0x0001ffe9       0xe4 ./SDK/platform/drivers/src/pdb/pdb_hw_access.o
 .debug_macro   0x000200cd       0xde ./SDK/platform/drivers/src/pins/pins_driver.o
 .debug_macro   0x000201ab       0xde ./SDK/platform/drivers/src/pins/pins_port_hw_access.o
 .debug_macro   0x00020289       0xc7 ./SDK/platform/drivers/src/trgmux/trgmux_driver.o
 .debug_macro   0x00020350       0xdf ./SDK/platform/drivers/src/trgmux/trgmux_hw_access.o
 .debug_macro   0x0002042f      0x119 ./SDK/platform/pal/src/adc/adc_irq.o
 .debug_macro   0x00020548       0x16 ./SDK/platform/pal/src/adc/adc_irq.o
 .debug_macro   0x0002055e      0x1f2 ./SDK/platform/pal/src/adc/adc_pal.o
 .debug_macro   0x00020750      0x1a8 ./SDK/platform/pal/src/adc/adc_pal.o
 .debug_macro   0x000208f8      0x15a ./SDK/platform/pal/src/adc/adc_pal.o
 .debug_macro   0x00020a52       0xde ./SDK/platform/pal/src/adc/adc_pal.o
 .debug_macro   0x00020b30       0x1c ./SDK/platform/pal/src/adc/adc_pal.o
 .debug_macro   0x00020b4c       0x26 ./SDK/platform/pal/src/adc/adc_pal.o
 .debug_macro   0x00020b72      0x433 ./SDK/platform/pal/src/adc/adc_pal.o
 .debug_macro   0x00020fa5       0xb5 ./SDK/platform/pal/src/adc/adc_pal.o
 .debug_macro   0x0002105a       0xaa ./SDK/platform/pal/src/adc/adc_pal.o
 .debug_macro   0x00021104       0x80 ./SDK/platform/pal/src/adc/adc_pal.o
 .debug_macro   0x00021184       0x7e ./SDK/platform/pal/src/adc/adc_pal.o
 .debug_macro   0x00021202      0x172 ./SDK/rtos/FreeRTOS/Source/list.o
 .debug_macro   0x00021374      0x1e8 ./SDK/rtos/FreeRTOS/Source/queue.o
 .debug_macro   0x0002155c       0x16 ./SDK/rtos/FreeRTOS/Source/queue.o
 .debug_macro   0x00021572       0x35 ./SDK/rtos/FreeRTOS/Source/queue.o
 .debug_macro   0x000215a7      0x2a9 ./SDK/rtos/FreeRTOS/Source/tasks.o
 .debug_macro   0x00021850       0x10 ./SDK/rtos/FreeRTOS/Source/tasks.o
 .debug_macro   0x00021860       0x1c ./SDK/rtos/FreeRTOS/Source/tasks.o
 .debug_macro   0x0002187c       0x10 ./SDK/rtos/FreeRTOS/Source/tasks.o
 .debug_macro   0x0002188c       0x10 ./SDK/rtos/FreeRTOS/Source/tasks.o
 .debug_macro   0x0002189c       0xb6 ./SDK/rtos/FreeRTOS/Source/tasks.o
 .debug_macro   0x00021952       0x16 ./SDK/rtos/FreeRTOS/Source/tasks.o
 .debug_macro   0x00021968      0x130 ./SDK/rtos/FreeRTOS/Source/tasks.o
 .debug_macro   0x00021a98      0x1c7 ./SDK/rtos/FreeRTOS/Source/timers.o
 .debug_macro   0x00021c5f       0x97 ./SDK/rtos/FreeRTOS/Source/timers.o
 .debug_macro   0x00021cf6      0x196 ./SDK/rtos/FreeRTOS/Source/portable/GCC/ARM_CM4F/port.o
 .debug_macro   0x00021e8c      0x193 ./SDK/rtos/FreeRTOS/Source/portable/MemMang/heap_1.o
 .debug_macro   0x0002201f       0xd9 ./board/clock_config.o
 .debug_macro   0x000220f8       0x16 ./board/clock_config.o
 .debug_macro   0x0002210e      0x136 ./board/peripherals_adc_pal_1.o
 .debug_macro   0x00022244       0xd9 ./board/pin_mux.o
 .debug_macro   0x0002231d       0x2e ./board/pin_mux.o
 .debug_macro   0x0002234b      0x1dc ./src/DCU/Microcontroller/Adc/Adc.o
 .debug_macro   0x00022527      0x1dc ./src/DCU/Microcontroller/Dio/Dio.o
 .debug_macro   0x00022703      0x1dd ./src/DCU/Microcontroller/Mcu/Mcu.o
 .debug_macro   0x000228e0       0x24 ./src/DCU/Microcontroller/Mpu/Mpu.o
 .debug_macro   0x00022904       0x23 ./src/DCU/Microcontroller/Wdg/Wdg.o
 .debug_macro   0x00022927       0x16 ./src/DCU/Microcontroller/Wdg/Wdg.o
 .debug_macro   0x0002293d      0x260 ./src/DCU/Runtime/DcuTasks.o
 .debug_macro   0x00022b9d      0x1ce ./src/main.o
 .debug_macro   0x00022d6b      0x241 ./src/rtos.o
 .debug_macro   0x00022fac       0x4c ./src/rtos.o

.comment        0x00000000       0xa0
 .comment       0x00000000       0xa0 ./SDK/platform/devices/S32K144/startup/system_S32K144.o
                                 0xa1 (size before relaxing)
 .comment       0x000000a0       0xa1 ./SDK/platform/devices/startup.o
 .comment       0x000000a0       0xa1 ./SDK/platform/drivers/src/adc/adc_driver.o
 .comment       0x000000a0       0xa1 ./SDK/platform/drivers/src/clock/S32K1xx/clock_S32K1xx.o
 .comment       0x000000a0       0xa1 ./SDK/platform/drivers/src/interrupt/interrupt_manager.o
 .comment       0x000000a0       0xa1 ./SDK/platform/drivers/src/pdb/pdb_driver.o
 .comment       0x000000a0       0xa1 ./SDK/platform/drivers/src/pdb/pdb_hw_access.o
 .comment       0x000000a0       0xa1 ./SDK/platform/drivers/src/pins/pins_driver.o
 .comment       0x000000a0       0xa1 ./SDK/platform/drivers/src/pins/pins_port_hw_access.o
 .comment       0x000000a0       0xa1 ./SDK/platform/drivers/src/trgmux/trgmux_driver.o
 .comment       0x000000a0       0xa1 ./SDK/platform/drivers/src/trgmux/trgmux_hw_access.o
 .comment       0x000000a0       0xa1 ./SDK/platform/pal/src/adc/adc_irq.o
 .comment       0x000000a0       0xa1 ./SDK/platform/pal/src/adc/adc_pal.o
 .comment       0x000000a0       0xa1 ./SDK/rtos/FreeRTOS/Source/list.o
 .comment       0x000000a0       0xa1 ./SDK/rtos/FreeRTOS/Source/queue.o
 .comment       0x000000a0       0xa1 ./SDK/rtos/FreeRTOS/Source/tasks.o
 .comment       0x000000a0       0xa1 ./SDK/rtos/FreeRTOS/Source/timers.o
 .comment       0x000000a0       0xa1 ./SDK/rtos/FreeRTOS/Source/portable/GCC/ARM_CM4F/port.o
 .comment       0x000000a0       0xa1 ./SDK/rtos/FreeRTOS/Source/portable/MemMang/heap_1.o
 .comment       0x000000a0       0xa1 ./board/clock_config.o
 .comment       0x000000a0       0xa1 ./board/peripherals_adc_pal_1.o
 .comment       0x000000a0       0xa1 ./board/pin_mux.o
 .comment       0x000000a0       0xa1 ./src/DCU/Microcontroller/Adc/Adc.o
 .comment       0x000000a0       0xa1 ./src/DCU/Microcontroller/Dio/Dio.o
 .comment       0x000000a0       0xa1 ./src/DCU/Microcontroller/Mcu/Mcu.o
 .comment       0x000000a0       0xa1 ./src/DCU/Microcontroller/Mpu/Mpu.o
 .comment       0x000000a0       0xa1 ./src/DCU/Microcontroller/Wdg/Wdg.o
 .comment       0x000000a0       0xa1 ./src/DCU/Runtime/DcuTasks.o
 .comment       0x000000a0       0xa1 ./src/main.o
 .comment       0x000000a0       0xa1 ./src/rtos.o

.debug_frame    0x00000000     0x20e4
 .debug_frame   0x00000000       0x40 ./SDK/platform/devices/S32K144/startup/system_S32K144.o
 .debug_frame   0x00000040       0x2c ./SDK/platform/devices/startup.o
 .debug_frame   0x0000006c      0x258 ./SDK/platform/drivers/src/adc/adc_driver.o
 .debug_frame   0x000002c4      0x3a4 ./SDK/platform/drivers/src/clock/S32K1xx/clock_S32K1xx.o
 .debug_frame   0x00000668       0xd8 ./SDK/platform/drivers/src/interrupt/interrupt_manager.o
 .debug_frame   0x00000740      0x1e0 ./SDK/platform/drivers/src/pdb/pdb_driver.o
 .debug_frame   0x00000920      0x100 ./SDK/platform/drivers/src/pdb/pdb_hw_access.o
 .debug_frame   0x00000a20      0x1e4 ./SDK/platform/drivers/src/pins/pins_driver.o
 .debug_frame   0x00000c04       0xa0 ./SDK/platform/drivers/src/pins/pins_port_hw_access.o
 .debug_frame   0x00000ca4       0xbc ./SDK/platform/drivers/src/trgmux/trgmux_driver.o
 .debug_frame   0x00000d60       0x98 ./SDK/platform/drivers/src/trgmux/trgmux_hw_access.o
 .debug_frame   0x00000df8       0x40 ./SDK/platform/pal/src/adc/adc_irq.o
 .debug_frame   0x00000e38      0x1a8 ./SDK/platform/pal/src/adc/adc_pal.o
 .debug_frame   0x00000fe0       0x6c ./SDK/rtos/FreeRTOS/Source/list.o
 .debug_frame   0x0000104c      0x374 ./SDK/rtos/FreeRTOS/Source/queue.o
 .debug_frame   0x000013c0      0x57c ./SDK/rtos/FreeRTOS/Source/tasks.o
 .debug_frame   0x0000193c      0x1f0 ./SDK/rtos/FreeRTOS/Source/timers.o
 .debug_frame   0x00001b2c      0x100 ./SDK/rtos/FreeRTOS/Source/portable/GCC/ARM_CM4F/port.o
 .debug_frame   0x00001c2c       0x5c ./SDK/rtos/FreeRTOS/Source/portable/MemMang/heap_1.o
 .debug_frame   0x00001c88       0x4c ./src/DCU/Microcontroller/Adc/Adc.o
 .debug_frame   0x00001cd4      0x168 ./src/DCU/Microcontroller/Dio/Dio.o
 .debug_frame   0x00001e3c       0x28 ./src/DCU/Microcontroller/Mcu/Mcu.o
 .debug_frame   0x00001e64       0x50 ./src/DCU/Microcontroller/Mpu/Mpu.o
 .debug_frame   0x00001eb4       0x30 ./src/DCU/Microcontroller/Wdg/Wdg.o
 .debug_frame   0x00001ee4       0x90 ./src/DCU/Runtime/DcuTasks.o
 .debug_frame   0x00001f74       0x28 ./src/main.o
 .debug_frame   0x00001f9c      0x100 ./src/rtos.o
 .debug_frame   0x0000209c       0x28 D:/S32/S32DS/build_tools/gcc_b1620/gcc-6.3-arm32-eabi/arm-none-eabi/newlib/lib/thumb/v7e-m/fpv4-sp/hard\libc_nano.a(lib_a-memcpy-stub.o)
 .debug_frame   0x000020c4       0x20 D:/S32/S32DS/build_tools/gcc_b1620/gcc-6.3-arm32-eabi/arm-none-eabi/newlib/lib/thumb/v7e-m/fpv4-sp/hard\libc_nano.a(lib_a-memset.o)
